6
 num     #instances         #bytes  class name
----------------------------------------------
   1:         38763       11611984  [B
   2:         54337        7033456  [C
   3:          3178        1944832  [I
   4:         28996         695904  java.lang.String
   5:          6500         585232  [Ljava.lang.Object;
   6:          3630         404432  java.lang.Class
   7:          7086         226752  java.util.concurrent.ConcurrentHashMap$Node
   8:          2165         169976  [S
   9:          2022         113232  java.util.zip.ZipFile$ZipFileInputStream
  10:          6993         111888  java.lang.Object
  11:          2437          97480  java.lang.ref.Finalizer
  12:          1067          93896  java.lang.reflect.Method
  13:          2263          72416  java.util.HashMap$Node
  14:          1391          66768  java.util.HashMap
  15:            61          64368  [Ljava.util.concurrent.ConcurrentHashMap$Node;
  16:          1069          59864  jdk.internal.org.objectweb.asm.Item
  17:          2411          57864  java.lang.StringBuilder
  18:           566          54336  java.util.jar.JarFile$JarFileEntry
  19:           484          52320  [Ljava.util.HashMap$Node;
  20:          2213          49496  [Ljava.lang.Class;
  21:           729          46656  java.net.URL
  22:           636          45792  java.lang.reflect.Field
  23:            78          41184  io.netty.util.internal.shaded.org.jctools.queues.atomic.MpscAtomicArrayQueue
  24:            42          37920  [Ljdk.internal.org.objectweb.asm.Item;
  25:           468          37440  java.util.zip.ZipEntry
  26:           896          35840  java.lang.ClassNotFoundException
  27:           869          34760  java.util.LinkedHashMap$Entry
  28:           848          33920  java.util.TreeMap$Entry
  29:          1345          32280  java.net.URLClassLoader$1
  30:           369          29520  java.lang.reflect.Constructor
  31:           433          27712  io.netty.buffer.PoolSubpage
  32:           584          26528  [Ljava.lang.String;
  33:           619          24760  java.lang.ref.SoftReference
  34:           765          24480  java.util.AbstractList$Itr
  35:           411          23016  java.lang.invoke.MemberName
  36:           544          21760  java.lang.invoke.MethodType
  37:           510          20400  java.util.WeakHashMap$Entry
  38:           619          19808  java.lang.invoke.MethodType$ConcurrentWeakInternSet$WeakEntry
  39:           816          19584  sun.misc.ProxyGenerator$ConstantPool$IndirectEntry
  40:           400          19200  gnu.trove.THashMap
  41:           785          18840  java.util.ArrayList
  42:            75          16800  jdk.internal.org.objectweb.asm.MethodWriter
  43:          1045          16720  java.util.HashSet
  44:           511          16352  java.util.Hashtable$Entry
  45:           249          15936  java.util.stream.ReferencePipeline$2
  46:           495          15840  java.security.CodeSource
  47:           274          15344  java.lang.Class$ReflectionData
  48:           468          14976  java.io.File
  49:           466          14912  java.util.ArrayList$Itr
  50:           456          14592  sun.misc.URLClassPath$JarLoader$2
  51:           254          14224  java.util.stream.ReferencePipeline$Head
  52:           550          13200  java.lang.StringBuffer
  53:           379          12128  org.jetbrains.jps.model.library.impl.JpsLibraryRootImpl
  54:           223          11800  [Ljava.lang.reflect.Method;
  55:           368          11776  org.jetbrains.jps.model.impl.JpsElementCollectionImpl
  56:           284          11360  sun.nio.fs.WindowsPath
  57:           200          11200  java.lang.Package
  58:           138          11088  [Ljava.util.WeakHashMap$Entry;
  59:           341          10912  sun.misc.FDBigInteger
  60:           187          10472  java.util.LinkedHashMap
  61:           186          10416  java.util.zip.ZipFile$ZipFileInflaterInputStream
  62:            25          10320  [Lio.netty.buffer.PoolSubpage;
  63:           628          10048  java.lang.Short
  64:           248           9920  java.util.HashMap$EntrySpliterator
  65:           389           9336  com.intellij.util.SmartList
  66:           282           9024  java.lang.ref.WeakReference
  67:           376           9024  org.jetbrains.jps.model.ex.JpsElementContainerImpl
  68:           369           8856  org.apache.log4j.CategoryKey
  69:           100           8808  [Lcom.intellij.util.containers.hash.LinkedHashMap$Entry;
  70:           273           8736  java.lang.invoke.LambdaForm$Name
  71:           248           7936  java.util.stream.FindOps$FindOp
  72:           320           7680  java.util.jar.Attributes$Name
  73:           159           7632  java.nio.HeapByteBuffer
  74:           124           7440  [Ljava.lang.ref.SoftReference;
  75:           455           7280  sun.net.www.ParseUtil
  76:            43           7264  [Ljava.util.Hashtable$Entry;
  77:           126           7056  sun.nio.cs.UTF_8$Encoder
  78:           138           6624  java.util.WeakHashMap
  79:           116           6496  sun.misc.URLClassPath$JarLoader
  80:           100           6400  java.util.jar.JarFile
  81:           257           6168  java.lang.Long
  82:           104           6144  [J
  83:            36           6048  jdk.internal.org.objectweb.asm.ClassWriter
  84:           187           5984  com.sun.org.apache.xerces.internal.xni.QName
  85:           249           5976  java.util.stream.ReferencePipeline$2$1
  86:           248           5952  java.util.stream.FindOps$FindSink$OfRef
  87:            86           5504  sun.nio.ch.FileChannelImpl
  88:           137           5480  sun.nio.cs.UTF_8$Decoder
  89:           108           5184  java.nio.HeapCharBuffer
  90:            81           5184  jdk.internal.org.objectweb.asm.Label
  91:           126           5040  java.io.FileDescriptor
  92:           154           4928  java.lang.ref.ReferenceQueue
  93:           100           4800  java.lang.invoke.LambdaForm
  94:           111           4744  [Ljava.lang.invoke.LambdaForm$Name;
  95:           295           4720  java.lang.Integer
  96:           195           4680  jdk.internal.org.objectweb.asm.ByteVector
  97:           143           4576  java.lang.invoke.DirectMethodHandle
  98:            68           4352  java.util.concurrent.ConcurrentHashMap
  99:             4           4288  [Ljava.nio.ByteBuffer;
 100:           107           4280  org.apache.log4j.Logger
 101:             5           4240  [Lio.netty.util.Recycler$DefaultHandle;
 102:           106           4240  org.jdom.ContentList
 103:           106           4240  org.jdom.Element
 104:           172           4208  [Ljava.lang.reflect.Constructor;
 105:             2           4144  [Ljava.nio.channels.SelectionKey;
 106:            11           4136  java.lang.Thread
 107:           256           4096  java.lang.Byte
 108:           124           3968  java.util.zip.ZipCoder
 109:           248           3968  org.jetbrains.jps.incremental.relativizer.JavaSdkPathRelativizer$$Lambda$47/288994035
 110:            70           3920  java.lang.invoke.MethodTypeForm
 111:           120           3840  org.jetbrains.jps.model.library.impl.JpsLibraryImpl
 112:           117           3744  org.jetbrains.jps.model.library.impl.JpsLibraryReferenceImpl
 113:            70           3728  [Ljava.lang.reflect.Field;
 114:           148           3552  sun.reflect.NativeConstructorAccessorImpl
 115:            62           3472  java.beans.MethodDescriptor
 116:           105           3360  sun.nio.fs.WindowsChannelFactory$Flags
 117:            86           3232  [Lorg.jdom.Content;
 118:            30           3120  java.lang.invoke.InnerClassLambdaMetafactory
 119:           130           3120  sun.reflect.generics.tree.SimpleClassTypeSignature
 120:           126           3024  java.lang.invoke.LambdaForm$NamedFunction
 121:           125           3000  java.util.ArrayDeque
 122:            29           2944  [Ljava.lang.invoke.MethodHandle;
 123:            72           2880  io.netty.buffer.PoolChunkList
 124:           180           2880  sun.misc.ProxyGenerator$ConstantPool$ValueEntry
 125:           118           2832  java.beans.MethodRef
 126:            88           2816  org.apache.log4j.ProvisionNode
 127:           117           2808  org.jetbrains.jps.model.java.impl.JpsJavaDependencyExtensionImpl
 128:           117           2808  org.jetbrains.jps.model.module.impl.JpsLibraryDependencyImpl
 129:            27           2808  sun.net.www.protocol.file.FileURLConnection
 130:           115           2760  java.util.LinkedList$Node
 131:            49           2744  com.intellij.util.containers.SLRUMap$1
 132:            49           2744  com.intellij.util.containers.SLRUMap$2
 133:            68           2720  org.jdom.Attribute
 134:           112           2688  com.sun.org.apache.xerces.internal.util.SymbolTable$Entry
 135:            48           2688  jdk.internal.org.objectweb.asm.AnnotationWriter
 136:           152           2632  [Lsun.reflect.generics.tree.TypeArgument;
 137:           156           2496  java.lang.ref.ReferenceQueue$Lock
 138:           102           2448  java.io.ExpiringCache$Entry
 139:           149           2384  sun.reflect.DelegatingConstructorAccessorImpl
 140:            72           2304  io.netty.buffer.PoolThreadCache$SubPageMemoryRegionCache
 141:            47           2256  java.util.zip.Inflater
 142:            53           2120  java.security.ProtectionDomain
 143:            37           2072  [Lcom.sun.org.apache.xerces.internal.utils.XMLSecurityManager$Limit;
 144:            86           2064  sun.nio.ch.NativeThreadSet
 145:            86           2064  sun.reflect.generics.factory.CoreReflectionFactory
 146:           129           2064  sun.reflect.generics.tree.ClassTypeSignature
 147:            43           2064  sun.util.locale.LocaleObjectCache$CacheEntry
 148:           128           2048  java.lang.Character
 149:            51           2040  java.util.HashMap$EntryIterator
 150:            28           2016  java.beans.PropertyDescriptor
 151:            84           2016  java.lang.Class$MethodArray
 152:            84           2016  sun.reflect.generics.scope.ClassScope
 153:            62           1984  io.netty.util.internal.LongAdderCounter
 154:           122           1952  org.jetbrains.jps.model.impl.JpsDummyElementImpl
 155:            22           1936  com.intellij.util.io.PagedFileStorage
 156:            60           1920  java.util.LinkedList
 157:            24           1920  sun.net.www.protocol.jar.URLJarFile
 158:            79           1896  java.util.Collections$UnmodifiableRandomAccessList
 159:           117           1872  org.jetbrains.jps.model.impl.JpsProjectElementReference
 160:            78           1872  sun.misc.ProxyGenerator$ExceptionTableEntry
 161:            77           1848  java.lang.invoke.MethodHandles$Lookup
 162:            77           1848  sun.reflect.annotation.AnnotationInvocationHandler
 163:            57           1824  com.intellij.util.containers.ConcurrentIntObjectHashMap$Node
 164:            57           1824  java.lang.reflect.Proxy$Key1
 165:            75           1800  sun.nio.fs.WindowsPathParser$Result
 166:            17           1792  [Z
 167:            74           1776  sun.reflect.generics.visitor.Reifier
 168:            73           1752  sun.reflect.generics.parser.SignatureParser
 169:             4           1696  [Lcom.sun.org.apache.xerces.internal.util.SymbolTable$Entry;
 170:            53           1696  java.io.FilePermission
 171:            42           1680  java.io.ObjectStreamField
 172:            69           1656  java.util.Arrays$ArrayList
 173:            66           1584  java.security.Provider$ServiceKey
 174:             1           1568  [[B
 175:            28           1568  java.lang.invoke.LambdaFormEditor$Transform
 176:            27           1512  java.security.Provider$Service
 177:            47           1504  java.security.Permissions
 178:            93           1496  [Ljava.nio.file.LinkOption;
 179:            63           1488  [Ljava.lang.reflect.Type;
 180:            31           1488  java.util.Hashtable
 181:            30           1440  sun.misc.ProxyGenerator$MethodInfo
 182:             4           1408  com.sun.org.apache.xerces.internal.impl.XMLNSDocumentScannerImpl
 183:            44           1408  java.lang.reflect.WeakCache$CacheKey
 184:            22           1408  java.nio.DirectByteBuffer
 185:            35           1400  com.intellij.util.containers.ConcurrentIntKeyWeakValueHashMap$MyRef
 186:            25           1400  sun.nio.cs.UTF_16BE$Decoder
 187:             1           1376  [Lsun.misc.FDBigInteger;
 188:            43           1376  java.util.concurrent.locks.ReentrantLock$NonfairSync
 189:            86           1376  sun.nio.ch.FileDispatcherImpl
 190:            58           1368  [Lsun.reflect.generics.tree.FieldTypeSignature;
 191:            34           1360  java.lang.invoke.MethodHandleImpl$IntrinsicMethodHandle
 192:            42           1344  java.io.DataInputStream
 193:            33           1320  com.intellij.util.containers.SLRUMap
 194:            41           1312  org.jdom.AttributeList
 195:            40           1280  java.lang.invoke.BoundMethodHandle$Species_L
 196:            80           1280  java.util.concurrent.atomic.AtomicReferenceArray
 197:            52           1248  java.util.Collections$UnmodifiableCollection$1
 198:            31           1240  java.util.HashMap$KeyIterator
 199:            38           1216  [Lorg.jdom.Attribute;
 200:            30           1200  sun.nio.fs.WindowsException
 201:            74           1184  [Ljava.nio.file.AccessMode;
 202:            74           1184  com.intellij.openapi.diagnostic.Log4jBasedLogger
 203:            48           1152  com.sun.org.apache.xerces.internal.util.XMLStringBuffer
 204:            36           1152  java.io.DataOutputStream
 205:            18           1152  sun.nio.fs.WindowsFileAttributes
 206:             2           1136  io.netty.util.internal.shaded.org.jctools.queues.atomic.MpscUnboundedAtomicArrayQueue
 207:            47           1128  java.util.zip.ZStreamRef
 208:            28           1120  com.intellij.util.xmlb.CollectionBinding
 209:            46           1104  java.io.FilePermissionCollection
 210:            46           1104  sun.reflect.annotation.AnnotationParser$1
 211:            34           1088  java.lang.invoke.SimpleMethodHandle
 212:            45           1080  java.util.jar.Manifest
 213:             2           1064  [Ljava.lang.Integer;
 214:             1           1040  [Ljava.lang.Byte;
 215:             1           1040  [Ljava.lang.Long;
 216:             1           1040  [Ljava.lang.Short;
 217:             1           1040  [[C
 218:            32           1024  java.io.FileInputStream
 219:            31            992  com.intellij.util.xmlb.TagBinding
 220:            62            992  sun.reflect.ConstantPool
 221:            20            960  com.sun.org.apache.xerces.internal.util.XMLAttributesImpl$Attribute
 222:            40            960  com.sun.org.apache.xerces.internal.xni.XMLString
 223:            30            960  java.security.Provider$EngineDescription
 224:            40            960  java.util.Collections$1
 225:            24            960  sun.misc.ProxyGenerator$ProxyMethod
 226:            39            936  java.io.ByteArrayOutputStream
 227:            38            912  org.jdom.Text
 228:            19            912  sun.nio.fs.WindowsDirectoryStream
 229:            28            896  [Lcom.sun.org.apache.xerces.internal.utils.XMLSecurityManager$NameMap;
 230:            28            896  io.netty.channel.ChannelOption
 231:            37            888  java.util.Collections$SingletonList
 232:             7            880  [Ljava.beans.MethodDescriptor;
 233:            22            880  java.nio.file.NoSuchFileException
 234:             9            864  com.intellij.util.io.IntToIntBtree
 235:             9            864  com.intellij.util.io.PersistentBTreeEnumerator
 236:             6            864  io.netty.buffer.PoolArena$DirectArena
 237:             6            864  io.netty.buffer.PoolArena$HeapArena
 238:            54            864  java.lang.ProcessEnvironment$CheckedEntry
 239:            12            864  java.util.regex.Pattern
 240:            27            864  jdk.internal.org.objectweb.asm.Type
 241:            18            864  sun.nio.cs.StreamDecoder
 242:            53            848  [Ljava.security.Principal;
 243:            53            848  java.security.ProtectionDomain$Key
 244:            21            840  sun.util.locale.BaseLocale$Key
 245:            31            832  [Ljava.nio.file.OpenOption;
 246:            13            832  jdk.internal.org.objectweb.asm.FieldWriter
 247:             8            768  [Lcom.sun.org.apache.xerces.internal.xni.QName;
 248:             8            768  com.intellij.util.io.PersistentHashMap
 249:            24            768  com.sun.org.apache.xerces.internal.util.AugmentationsImpl$SmallContainer
 250:            32            768  io.netty.util.internal.logging.Log4JLogger
 251:            24            768  sun.misc.ProxyGenerator$FieldInfo
 252:            24            768  sun.reflect.UnsafeObjectFieldAccessorImpl
 253:            19            760  gnu.trove.THashSet
 254:            19            760  org.jdom.ContentList$FilterList
 255:            19            760  sun.misc.Cleaner
 256:            47            752  java.util.Optional
 257:            46            736  java.util.jar.Attributes
 258:             5            720  [Lcom.intellij.util.containers.ConcurrentIntObjectHashMap$Node;
 259:            30            720  com.intellij.openapi.util.Key
 260:            18            720  com.intellij.util.io.ResizeableMappedFile
 261:            18            720  java.io.BufferedInputStream
 262:            30            720  java.lang.invoke.ConstantCallSite
 263:            30            720  java.lang.invoke.InfoFromMemberName
 264:            30            720  java.lang.invoke.InnerClassLambdaMetafactory$ForwardingMethodGenerator
 265:             8            704  com.intellij.util.io.PersistentHashMapValueStorage
 266:            22            704  java.lang.ThreadLocal$ThreadLocalMap$Entry
 267:            43            688  java.util.concurrent.locks.ReentrantLock
 268:            17            680  com.intellij.util.containers.hash.LinkedHashMap$Entry
 269:            17            680  java.security.AccessControlContext
 270:            28            672  java.security.Provider$UString
 271:            21            672  java.util.Locale
 272:             7            672  sun.net.www.protocol.jar.URLJarFile$URLJarFileEntry
 273:            21            672  sun.util.locale.BaseLocale
 274:            27            648  sun.net.www.MessageHeader
 275:            16            640  java.util.HashMap$ValueIterator
 276:            20            640  sun.nio.ch.ChannelInputStream
 277:             3            624  [Ljava.lang.invoke.LambdaForm;
 278:             7            616  sun.net.www.protocol.jar.JarURLConnection
 279:            38            608  org.jetbrains.jps.model.ex.JpsElementChildRoleBase
 280:            19            608  sun.nio.fs.WindowsNativeDispatcher$FirstFile
 281:            25            600  java.lang.Class$AnnotationData
 282:            25            592  [Ljava.lang.reflect.TypeVariable;
 283:            36            576  com.intellij.serialization.FieldAccessor
 284:             8            576  com.intellij.util.io.PersistentHashMapValueStorage$MyCompressedAppendableFile
 285:            36            576  com.sun.org.apache.xerces.internal.utils.SecuritySupport$4
 286:            36            576  java.util.concurrent.atomic.AtomicInteger
 287:            18            576  java.util.regex.Pattern$Curly
 288:            12            576  jdk.internal.org.objectweb.asm.Frame
 289:            35            560  java.nio.channels.spi.AbstractInterruptibleChannel$1
 290:            10            560  sun.invoke.util.Wrapper
 291:            23            552  sun.reflect.generics.reflectiveObjects.ParameterizedTypeImpl
 292:             1            528  [Ljava.lang.Character;
 293:            33            528  java.util.HashMap$KeySet
 294:            11            528  java.util.TreeMap
 295:             6            528  java.util.jar.JarVerifier
 296:            11            528  org.jetbrains.jps.incremental.storage.BuildTargetTypeState
 297:            14            520  [Ljava.lang.invoke.LambdaForm$BasicType;
 298:             8            512  com.intellij.util.containers.ObjectLinkedOpenHashSet
 299:            16            512  com.intellij.util.lang.JavaVersion
 300:             4            512  com.sun.org.apache.xerces.internal.impl.XMLEntityManager
 301:            16            512  io.netty.handler.codec.CodecOutputList
 302:            16            512  java.util.Vector
 303:            21            504  java.lang.invoke.InnerClassLambdaMetafactory$1
 304:            21            504  java.util.Locale$LocaleKey
 305:            21            504  sun.reflect.NativeMethodAccessorImpl
 306:            10            480  com.intellij.util.xmlb.MapBinding
 307:            15            480  java.nio.DirectByteBuffer$Deallocator
 308:            15            480  org.jdom.ContentList$FilterListIterator
 309:            16            464  [Ljava.io.ObjectStreamField;
 310:             6            456  [Lsun.invoke.util.Wrapper;
 311:            19            456  java.util.regex.Pattern$Single
 312:            19            456  org.jdom.filter.ElementFilter
 313:            14            448  java.lang.reflect.WeakCache$CacheValue
 314:             8            448  sun.nio.cs.ext.DoubleByte$Decoder
 315:            11            440  com.intellij.util.io.ReadWriteDirectBufferWrapper
 316:            11            440  java.io.PrintWriter
 317:            11            440  java.util.IdentityHashMap
 318:            18            432  java.io.InputStreamReader
 319:            18            432  org.jetbrains.jps.model.ex.JpsElementCollectionRole
 320:            18            432  sun.misc.MetaIndex
 321:            18            432  sun.nio.fs.WindowsFileAttributeViews$Basic
 322:             6            416  [Lio.netty.buffer.PoolThreadCache$MemoryRegionCache;
 323:            26            416  java.io.FileInputStream$1
 324:            13            416  sun.reflect.generics.repository.ClassRepository
 325:            17            408  java.util.regex.Pattern$GroupHead
 326:            17            408  java.util.regex.Pattern$GroupTail
 327:            17            408  sun.reflect.generics.repository.FieldRepository
 328:            10            400  com.intellij.util.io.IntToIntBtree$BtreeIndexNodeView
 329:            10            400  java.lang.invoke.DirectMethodHandle$Accessor
 330:            25            400  org.jetbrains.jps.model.JpsElementChildRole
 331:             4            384  [Ljava.lang.ThreadLocal$ThreadLocalMap$Entry;
 332:             8            384  com.intellij.util.io.PersistentHashMap$4
 333:            24            384  com.sun.org.apache.xerces.internal.util.AugmentationsImpl
 334:             6            384  java.lang.invoke.InvokerBytecodeGenerator
 335:             1            384  java.lang.ref.Finalizer$FinalizerThread
 336:             1            384  java.util.logging.LogManager$Cleaner
 337:             8            384  java.util.logging.LogManager$LoggerWeakRef
 338:            16            384  sun.nio.ch.OptionKey
 339:            16            384  sun.nio.ch.SocketOptionRegistry$RegistryKey
 340:            12            384  sun.reflect.annotation.AnnotationType
 341:             1            376  java.lang.ref.Reference$ReferenceHandler
 342:            23            368  com.sun.proxy.$Proxy8
 343:             7            360  [Ljava.beans.PropertyDescriptor;
 344:            15            360  com.intellij.util.containers.ImmutableList$Itr
 345:             9            360  com.sun.org.apache.xerces.internal.utils.XMLSecurityManager$Limit
 346:            15            360  org.jetbrains.jps.model.java.LanguageLevel
 347:             9            360  sun.misc.URLClassPath$1
 348:            11            352  com.sun.org.apache.xerces.internal.util.XMLResourceIdentifierImpl
 349:            11            352  org.apache.log4j.helpers.PatternParser$LiteralPatternConverter
 350:            11            352  org.jetbrains.jps.incremental.storage.BuildTargetConfiguration
 351:            21            336  [Ljava.nio.file.attribute.FileAttribute;
 352:             7            336  java.beans.BeanDescriptor
 353:             7            336  java.io.BufferedReader
 354:            21            336  java.lang.invoke.LambdaFormEditor
 355:            14            336  java.lang.invoke.LambdaFormEditor$Transform$Kind
 356:             6            336  java.nio.DirectLongBufferU
 357:             7            336  java.util.Properties
 358:            14            336  java.util.concurrent.atomic.AtomicLong
 359:             3            336  sun.nio.ch.SocketChannelImpl
 360:            21            336  sun.reflect.DelegatingMethodAccessorImpl
 361:             6            336  sun.util.calendar.ZoneInfo
 362:             4            328  [D
 363:             8            320  [Lcom.intellij.util.xmlb.NestedBinding;
 364:            10            320  java.lang.OutOfMemoryError
 365:            10            320  sun.security.jca.ProviderConfig
 366:            13            312  java.lang.invoke.Invokers
 367:            13            312  org.apache.log4j.Level
 368:            13            312  sun.reflect.generics.tree.ClassSignature
 369:            15            304  [Lsun.reflect.generics.tree.FormalTypeParameter;
 370:            19            304  org.jdom.filter.AbstractFilter$1
 371:             9            288  com.intellij.util.containers.LimitedPool
 372:             3            288  com.sun.xml.internal.stream.Entity$ScannedEntity
 373:            12            288  java.lang.RuntimePermission
 374:             9            288  java.util.Stack
 375:             9            288  java.util.logging.Level
 376:             9            288  java.util.logging.LogManager$LogNode
 377:             4            288  org.apache.log4j.spi.LoggingEvent
 378:             9            288  org.jdom.AttributeList$ALIterator
 379:             9            288  sun.reflect.generics.reflectiveObjects.TypeVariableImpl
 380:             6            288  sun.security.util.ManifestEntryVerifier
 381:             7            280  [Ljava.util.stream.StreamOpFlag$Type;
 382:             7            280  [Ljava.util.stream.StreamOpFlag;
 383:             5            280  io.netty.channel.DefaultChannelHandlerContext
 384:             7            280  java.beans.GenericBeanInfo
 385:            17            272  io.netty.channel.$Proxy3
 386:             2            272  io.netty.util.internal.InternalThreadLocalMap
 387:            17            272  java.util.LinkedHashSet
 388:             5            264  [Lcom.sun.org.apache.xerces.internal.utils.XMLSecurityManager$State;
 389:            11            264  com.intellij.util.io.ReadWriteDirectBufferWrapper$FileContext$1
 390:            11            264  java.io.StringWriter
 391:            11            264  java.lang.Class$1
 392:            11            264  java.net.StandardSocketOptions$StdSocketOption
 393:            11            264  java.util.concurrent.locks.AbstractQueuedSynchronizer$ConditionObject
 394:            11            264  java.util.regex.Pattern$Start
 395:            11            264  org.jdom.AttributeType
 396:            11            264  sun.security.action.GetPropertyAction
 397:             8            256  [Lcom.sun.org.apache.xerces.internal.impl.XMLEntityManager$CharacterBuffer;
 398:             8            256  com.intellij.util.containers.UnsafeWeakList$MyReference
 399:             4            256  com.intellij.util.io.AppendableStorageBackedByResizableMappedFile
 400:             8            256  com.intellij.util.io.UnsyncByteArrayInputStream
 401:             8            256  com.intellij.util.xmlb.BeanBinding
 402:             4            256  com.sun.org.apache.xerces.internal.impl.XMLEntityScanner
 403:             4            256  com.sun.org.apache.xerces.internal.impl.XMLStreamReaderImpl
 404:             4            256  io.netty.util.Recycler$Stack
 405:            16            256  java.lang.ThreadLocal
 406:            16            256  java.net.URLClassLoader$3$1
 407:             8            256  java.nio.file.attribute.FileTime
 408:             8            256  java.util.LinkedHashMap$LinkedKeyIterator
 409:             8            256  java.util.RegularEnumSet
 410:             8            256  java.util.regex.Pattern$Branch
 411:             8            256  org.apache.log4j.helpers.PatternParser$BasicPatternConverter
 412:             8            256  sun.misc.ProxyGenerator$PrimitiveTypeInfo
 413:            10            240  [Lcom.sun.org.apache.xerces.internal.utils.XMLSecurityPropertyManager$Property;
 414:             6            240  [Ljava.lang.invoke.BoundMethodHandle$SpeciesData;
 415:            13            240  [Lsun.reflect.generics.tree.ClassTypeSignature;
 416:            10            240  com.google.protobuf.GeneratedMessageLite$MethodToInvoke
 417:            10            240  com.intellij.serialization.PropertyCollector$NameAndIsSetter
 418:            10            240  com.sun.org.apache.xerces.internal.impl.XMLScanner$NameType
 419:            10            240  java.nio.file.StandardOpenOption
 420:             5            240  java.util.concurrent.LinkedBlockingQueue
 421:            10            240  java.util.regex.Pattern$Slice
 422:             4            224  [Ljava.util.Map;
 423:             4            224  com.sun.org.apache.xerces.internal.util.XMLAttributesIteratorImpl
 424:             7            224  java.net.InetAddress$InetAddressHolder
 425:             7            224  java.util.concurrent.atomic.AtomicLongFieldUpdater$CASUpdater
 426:             7            224  java.util.concurrent.atomic.AtomicReferenceFieldUpdater$AtomicReferenceFieldUpdaterImpl
 427:             9            216  [Ljava.util.Enumeration;
 428:             8            216  [Ljava.util.regex.Pattern$Node;
 429:             9            216  com.intellij.util.io.IntToIntBtree$BtreeRootNode
 430:             9            216  com.intellij.util.io.PersistentEnumeratorBase$Version
 431:             9            216  java.net.URLClassLoader$3
 432:             9            216  java.util.logging.Level$KnownLevel
 433:             3            216  java.util.logging.Logger
 434:             9            216  sun.misc.CompoundEnumeration
 435:             9            216  sun.reflect.generics.tree.FormalTypeParameter
 436:             9            216  sun.util.logging.PlatformLogger$Level
 437:             7            208  [Ljava.lang.invoke.LambdaForm$NamedFunction;
 438:            13            208  java.io.FilePermission$1
 439:            13            208  java.util.HashMap$EntrySet
 440:             5            200  com.intellij.util.xmlb.OptionTagBinding
 441:             5            200  java.lang.invoke.BoundMethodHandle$SpeciesData
 442:             5            200  java.util.EnumMap
 443:             5            200  java.util.Spliterators$IteratorSpliterator
 444:             5            200  java.util.stream.StreamOpFlag
 445:             8            192  com.intellij.diagnostic.LoadingState
 446:             8            192  com.intellij.openapi.util.LowMemoryWatcher
 447:             8            192  com.intellij.util.io.PersistentHashMap$2
 448:             8            192  com.intellij.util.io.PersistentHashMapValueStorage$CreationTimeOptions
 449:             4            192  com.sun.org.apache.xerces.internal.impl.XMLDocumentFragmentScannerImpl$ElementStack
 450:             4            192  com.sun.xml.internal.stream.StaxErrorReporter
 451:             6            192  io.netty.buffer.PoolThreadCache$NormalMemoryRegionCache
 452:             6            192  java.io.ByteArrayInputStream
 453:             6            192  java.lang.invoke.DirectMethodHandle$Special
 454:             6            192  java.lang.invoke.LambdaForm$BasicType
 455:             8            192  java.lang.invoke.MethodHandleImpl$Intrinsic
 456:             4            192  java.util.Hashtable$Enumerator
 457:             6            192  java.util.TreeMap$EntryIterator
 458:             6            192  java.util.jar.Manifest$FastInputStream
 459:             6            192  java.util.stream.Collectors$CollectorImpl
 460:             6            192  java.util.stream.ReduceOps$3
 461:             6            192  java.util.stream.ReduceOps$3ReducingSink
 462:             8            192  org.jetbrains.jps.incremental.BuilderCategory
 463:             8            192  org.jetbrains.jps.incremental.ResourcesTarget
 464:             8            192  org.jetbrains.jps.incremental.fs.FilesDelta
 465:             4            192  sun.misc.URLClassPath
 466:             3            192  sun.nio.cs.ext.DoubleByte$Encoder
 467:             6            176  [Ljdk.internal.org.objectweb.asm.Type;
 468:            11            176  com.intellij.util.io.ReadWriteDirectBufferWrapper$FileContext
 469:            11            176  com.sun.proxy.$Proxy7
 470:            11            176  java.util.Collections$UnmodifiableSet
 471:             7            168  java.net.Inet4Address
 472:             7            168  java.net.InetSocketAddress$InetSocketAddressHolder
 473:             7            168  java.net.NetPermission
 474:             7            168  java.util.Collections$SetFromMap
 475:             7            168  java.util.regex.Pattern$Ctype
 476:             7            168  org.jdom.Content$CType
 477:             7            168  sun.net.www.protocol.jar.JarURLConnection$JarURLInputStream
 478:             2            160  [Lcom.intellij.util.containers.SLRUMap;
 479:             4            160  [[S
 480:             5            160  com.intellij.serialization.PropertyAccessor
 481:             4            160  com.intellij.util.io.AppendableStorageBackedByResizableMappedFile$MyBufferedIS
 482:             4            160  com.sun.org.apache.xerces.internal.impl.XMLDocumentFragmentScannerImpl$ElementStack2
 483:             4            160  com.sun.org.apache.xerces.internal.impl.XMLEntityManager$CharacterBufferPool
 484:             4            160  com.sun.org.apache.xerces.internal.impl.dtd.XMLDTDDescription
 485:             4            160  com.sun.org.apache.xerces.internal.util.SymbolTable
 486:             4            160  com.sun.org.apache.xerces.internal.utils.XMLLimitAnalyzer
 487:             4            160  com.sun.org.apache.xerces.internal.utils.XMLSecurityManager
 488:             4            160  com.sun.xml.internal.stream.XMLEntityStorage
 489:             4            160  io.netty.util.internal.ObjectPool$RecyclerObjectPool$1
 490:             4            160  java.lang.ClassLoader$NativeLibrary
 491:            10            160  java.util.HashMap$Values
 492:             5            160  java.util.concurrent.ConcurrentHashMap$ReservationNode
 493:             5            160  java.util.concurrent.atomic.AtomicIntegerFieldUpdater$AtomicIntegerFieldUpdaterImpl
 494:             5            160  java.util.logging.LogManager$LoggerContext$1
 495:             5            160  org.jdom.ContentList$CLIterator
 496:             5            160  sun.util.locale.provider.LocaleProviderAdapter$Type
 497:             1            152  io.netty.channel.nio.NioEventLoop
 498:             4            144  [Lcom.sun.org.apache.xerces.internal.util.XMLAttributesImpl$Attribute;
 499:             3            144  [Lio.netty.util.internal.PriorityQueueNode;
 500:             3            144  [Lorg.jetbrains.jps.incremental.BuilderCategory;
 501:             3            144  com.intellij.util.io.AppendableStorageBackedByResizableMappedFile$4
 502:             3            144  com.intellij.util.io.FileAccessorCache$1
 503:             9            144  com.intellij.util.io.PersistentBTreeEnumerator$1
 504:             9            144  com.intellij.util.io.PersistentBTreeEnumerator$RecordBufferHandler
 505:             9            144  java.lang.Boolean
 506:             6            144  java.util.Collections$SynchronizedSet
 507:             6            144  org.jdom.Namespace
 508:             3            144  org.jetbrains.jps.builders.java.dependencyView.IntIntPersistentMultiMaplet$1
 509:             6            144  org.jetbrains.jps.incremental.ModuleBuildTarget
 510:             6            144  org.jetbrains.jps.maven.model.impl.MavenAnnotationProcessorTarget
 511:             6            144  org.jetbrains.jps.maven.model.impl.MavenResourcesTarget
 512:             6            144  sun.misc.PerfCounter
 513:             3            144  sun.misc.ProxyGenerator
 514:             3            144  sun.nio.cs.StreamEncoder
 515:             2            144  sun.reflect.DelegatingClassLoader
 516:             1            144  sun.reflect.MethodAccessorGenerator
 517:             6            144  sun.security.util.DisabledAlgorithmConstraints$Constraint$Operator
 518:             1            136  [Ljava.util.List;
 519:             4            128  [Ljava.lang.Boolean;
 520:             2            128  [Lorg.jdom.AttributeType;
 521:             4            128  com.intellij.util.io.AppendableStorageBackedByResizableMappedFile$MyDataIS
 522:             4            128  com.intellij.util.io.MappedFileInputStream
 523:             8            128  com.intellij.util.io.PersistentHashMap$$Lambda$43/1175259735
 524:             8            128  com.intellij.util.io.PersistentHashMap$1
 525:             8            128  com.intellij.util.io.PersistentHashMap$3
 526:             4            128  com.intellij.util.xmlb.AttributeBinding
 527:             4            128  com.sun.org.apache.xerces.internal.util.NamespaceSupport
 528:             4            128  io.netty.util.Recycler$DefaultHandle
 529:             2            128  io.netty.util.concurrent.ScheduledFutureTask
 530:             2            128  java.io.ExpiringCache$1
 531:             4            128  java.io.FileOutputStream
 532:             8            128  java.util.LinkedHashMap$LinkedEntrySet
 533:             8            128  java.util.LinkedHashMap$LinkedKeySet
 534:             8            128  java.util.regex.Pattern$BranchConn
 535:             4            128  org.jetbrains.jps.builders.java.FilteredResourceRootDescriptor
 536:             1            128  sun.nio.ch.WindowsSelectorImpl
 537:             4            128  sun.nio.fs.NativeBuffer
 538:             4            128  sun.reflect.ClassFileAssembler
 539:             1            120  [[Ljava.lang.String;
 540:             5            120  com.sun.org.apache.xerces.internal.impl.PropertyManager
 541:             5            120  com.sun.org.apache.xerces.internal.utils.XMLSecurityManager$State
 542:             5            120  com.sun.org.apache.xerces.internal.utils.XMLSecurityPropertyManager$State
 543:             3            120  com.sun.org.apache.xerces.internal.xni.parser.XMLInputSource
 544:             3            120  java.lang.invoke.BoundMethodHandle$Species_LL
 545:             3            120  java.lang.invoke.DirectMethodHandle$Constructor
 546:             1            120  java.net.SocksSocketImpl
 547:             3            120  java.util.ServiceLoader$LazyIterator
 548:             5            120  java.util.concurrent.CopyOnWriteArrayList
 549:             5            120  java.util.concurrent.LinkedBlockingQueue$Node
 550:             5            120  java.util.regex.Pattern$CharProperty$1
 551:             5            120  java.util.stream.Collectors$$Lambda$40/1024597427
 552:             5            120  java.util.stream.StreamOpFlag$Type
 553:             5            120  org.jetbrains.jps.incremental.GlobalContextKey
 554:             5            120  org.jetbrains.jps.model.impl.JpsUrlListImpl
 555:             3            120  sun.misc.FloatingDecimal$BinaryToASCIIBuffer
 556:             5            120  sun.misc.FloatingDecimal$PreparedASCIIToBinaryBuffer
 557:             3            120  sun.misc.URLClassPath$2
 558:             5            120  sun.nio.fs.WindowsPathType
 559:             2            112  [Ljava.lang.invoke.MethodType;
 560:             2            112  [Ljava.nio.file.StandardOpenOption;
 561:             2            112  com.intellij.util.containers.ConcurrentIntObjectHashMap
 562:             1            112  io.netty.channel.socket.nio.NioSocketChannel
 563:             2            112  io.netty.util.Recycler$WeakOrderQueue
 564:             7            112  java.net.InetSocketAddress
 565:             1            112  java.util.GregorianCalendar
 566:             2            112  java.util.ResourceBundle$CacheKey
 567:             7            112  java.util.concurrent.atomic.AtomicBoolean
 568:             2            112  org.jetbrains.jps.api.CmdlineRemoteProto$Message
 569:             2            112  sun.security.provider.SHA
 570:             1            104  org.jetbrains.jps.builders.java.dependencyView.Mappings
 571:             2             96  [Lcom.android.tools.idea.jps.AndroidTargetBuilder;
 572:             5             96  [Ljava.lang.StackTraceElement;
 573:             6             96  [Ljava.security.CodeSigner;
 574:             3             96  [Ljava.security.ProtectionDomain;
 575:             4             96  [Lorg.jetbrains.jps.incremental.TargetBuilder;
 576:             4             96  com.intellij.openapi.util.Couple
 577:             3             96  com.intellij.util.containers.ConcurrentIntObjectHashMap$ForwardingNode
 578:             3             96  com.intellij.util.io.DataOutputStream
 579:             6             96  com.intellij.util.xmlb.BeanBinding$XmlSerializerPropertyCollector$$Lambda$20/490037782
 580:             4             96  com.sun.org.apache.xerces.internal.impl.XMLNSDocumentScannerImpl$NSContentDriver
 581:             4             96  com.sun.org.apache.xerces.internal.impl.msg.XMLMessageFormatter
 582:             3             96  com.sun.org.apache.xerces.internal.utils.XMLSecurityManager$NameMap
 583:             2             96  gnu.trove.TObjectLongHashMap
 584:             4             96  io.netty.util.Recycler$2
 585:             4             96  io.netty.util.ResourceLeakDetector$Level
 586:             2             96  java.lang.ThreadGroup
 587:             3             96  java.lang.reflect.WeakCache$Factory
 588:             6             96  java.util.Collections$SingletonSet
 589:             3             96  java.util.Collections$UnmodifiableMap
 590:             3             96  java.util.LinkedHashMap$LinkedEntryIterator
 591:             2             96  java.util.ResourceBundle$BundleReference
 592:             3             96  java.util.ServiceLoader
 593:             2             96  java.util.StringTokenizer
 594:             6             96  java.util.TreeMap$EntrySet
 595:             4             96  java.util.concurrent.ConcurrentHashMap$KeySetView
 596:             6             96  java.util.jar.JarVerifier$3
 597:             4             96  java.util.regex.Pattern$1
 598:             4             96  java.util.regex.Pattern$BitClass
 599:             4             96  java.util.stream.StreamShape
 600:             2             96  org.apache.log4j.helpers.PatternParser
 601:             2             96  org.jetbrains.jps.api.CmdlineRemoteProto$Message$BuilderMessage
 602:             4             96  org.jetbrains.jps.api.CmdlineRemoteProto$Message$BuilderMessage$Type
 603:             2             96  org.jetbrains.jps.api.CmdlineRemoteProto$Message$UUID
 604:             4             96  org.jetbrains.jps.builders.java.JavaModuleBuildTargetType$Loader
 605:             4             96  org.jetbrains.jps.builders.java.ResourcesTargetType$Loader
 606:             4             96  org.jetbrains.jps.maven.model.impl.MavenAnnotationProcessorTargetType$1
 607:             4             96  org.jetbrains.jps.maven.model.impl.MavenResourcesTargetType$1
 608:             6             96  org.jetbrains.jps.model.impl.JpsUrlListRole
 609:             4             96  org.jetbrains.jps.model.java.JpsJavaClasspathKind
 610:             4             96  org.jetbrains.jps.model.java.JpsJavaDependencyScope
 611:             2             96  org.jetbrains.jps.model.java.impl.JpsJavaDependenciesEnumeratorImpl
 612:             2             96  org.jetbrains.jps.model.java.impl.compiler.ProcessorConfigProfileImpl
 613:             4             96  org.jetbrains.jps.model.library.impl.JpsLibraryRootRole
 614:             3             96  org.jetbrains.jps.model.module.impl.JpsModuleSourceRootImpl
 615:             4             96  org.jetbrains.jps.model.serialization.library.JpsLibraryRootTypeSerializer
 616:             4             96  sun.misc.JarIndex
 617:             1             96  sun.misc.Launcher$AppClassLoader
 618:             1             96  sun.nio.ch.ServerSocketChannelImpl
 619:             4             96  sun.nio.fs.NativeBuffer$Deallocator
 620:             4             96  sun.reflect.ByteVectorImpl
 621:             3             96  sun.reflect.UnsafeBooleanFieldAccessorImpl
 622:             3             96  sun.reflect.UnsafeStaticObjectFieldAccessorImpl
 623:             1             96  sun.security.jca.ProviderList$1
 624:             1             96  sun.security.provider.Sun
 625:             1             96  sun.util.calendar.Gregorian$Date
 626:             2             96  sun.util.locale.provider.LocaleResources$ResourceReference
 627:             1             88  io.netty.buffer.PoolChunk
 628:             1             88  java.net.DualStackPlainSocketImpl
 629:             1             88  java.net.URLClassLoader
 630:             1             88  org.apache.log4j.RollingFileAppender
 631:             1             88  sun.misc.Launcher$ExtClassLoader
 632:             2             80  [F
 633:             2             80  [Lio.netty.buffer.PoolArena;
 634:             1             80  [Lio.netty.handler.codec.CodecOutputList;
 635:             5             80  [Ljava.io.File;
 636:             1             80  [Ljava.util.concurrent.locks.Lock;
 637:             1             80  [Lorg.jetbrains.jps.model.java.LanguageLevel;
 638:             2             80  com.intellij.util.concurrency.BoundedTaskExecutor
 639:             5             80  com.sun.proxy.$Proxy11
 640:             5             80  com.sun.proxy.$Proxy13
 641:             2             80  com.sun.xml.internal.stream.util.BufferAllocator
 642:             1             80  io.netty.buffer.PooledDirectByteBuf
 643:             2             80  java.io.BufferedWriter
 644:             2             80  java.io.ExpiringCache
 645:             2             80  java.lang.invoke.DirectMethodHandle$Interface
 646:             2             80  java.lang.invoke.MethodHandleImpl$AsVarargsCollector
 647:             2             80  java.util.Locale$Category
 648:             1             80  java.util.concurrent.ThreadPoolExecutor
 649:             2             80  java.util.regex.Pattern$Loop
 650:             5             80  java.util.stream.Collectors$$Lambda$41/990355670
 651:             5             80  java.util.stream.StreamOpFlag$MaskBuilder
 652:             2             80  org.apache.log4j.helpers.PatternParser$CategoryPatternConverter
 653:             1             80  org.jetbrains.jps.cmdline.ProjectDescriptor
 654:             2             80  org.jetbrains.jps.maven.model.impl.MavenResourceRootDescriptor
 655:             1             80  org.jetbrains.jps.model.java.impl.compiler.JpsJavaCompilerConfigurationImpl
 656:             2             80  sun.nio.ch.SocketAdaptor
 657:             2             80  sun.reflect.UnsafeQualifiedStaticObjectFieldAccessorImpl
 658:             2             80  sun.reflect.generics.repository.MethodRepository
 659:             2             80  sun.security.util.DisabledAlgorithmConstraints$KeySizeConstraint
 660:             1             72  [Ljava.lang.invoke.LambdaFormEditor$Transform$Kind;
 661:             2             72  [Lorg.jetbrains.jps.incremental.ModuleLevelBuilder;
 662:             2             72  [Lsun.security.jca.ProviderConfig;
 663:             3             72  com.intellij.openapi.util.io.FileAttributes$Type
 664:             3             72  com.intellij.util.ThreeState
 665:             3             72  com.sun.nio.file.ExtendedOpenOption
 666:             3             72  io.netty.buffer.PoolArena$SizeClass
 667:             3             72  java.io.OutputStreamWriter
 668:             3             72  java.lang.ThreadLocal$ThreadLocalMap
 669:             3             72  java.lang.annotation.RetentionPolicy
 670:             3             72  java.security.SecurityPermission
 671:             1             72  java.util.ResourceBundle$RBClassLoader
 672:             3             72  java.util.ServiceLoader$1
 673:             3             72  java.util.concurrent.atomic.AtomicLongFieldUpdater$CASUpdater$1
 674:             3             72  java.util.logging.LogManager$5
 675:             1             72  java.util.logging.LogManager$RootLogger
 676:             3             72  java.util.stream.Collector$Characteristics
 677:             3             72  org.jetbrains.jps.api.CmdlineRemoteProto$Message$Type
 678:             3             72  org.jetbrains.jps.builders.java.dependencyView.IntIntPersistentMultiMaplet
 679:             3             72  org.jetbrains.jps.incremental.groovy.CheckResourcesTarget
 680:             3             72  org.jetbrains.jps.incremental.groovy.GroovyResourceRootDescriptor
 681:             3             72  org.jetbrains.jps.indices.impl.ModuleExcludeIndexImpl$FileLocation
 682:             3             72  org.jetbrains.jps.intellilang.instrumentation.InstrumentationType
 683:             1             72  org.jetbrains.jps.maven.model.impl.MavenModuleResourceConfiguration
 684:             3             72  org.jetbrains.jps.model.jarRepository.JpsRemoteRepositoryDescription
 685:             3             72  org.jetbrains.jps.model.library.JpsLibraryRoot$InclusionOptions
 686:             3             72  sun.misc.FloatingDecimal$ExceptionalBinaryToASCIIBuffer
 687:             3             72  sun.misc.ProxyGenerator$ConstantPool
 688:             3             72  sun.reflect.annotation.AnnotationType$1
 689:             1             72  sun.util.locale.provider.JRELocaleProviderAdapter
 690:             2             64  [Lcom.sun.nio.file.ExtendedOpenOption;
 691:             2             64  [Lcom.sun.org.apache.xerces.internal.utils.XMLSecurityPropertyManager$State;
 692:             2             64  [Lio.netty.buffer.PoolArena$SizeClass;
 693:             2             64  [Lio.netty.util.ResourceLeakDetector$Level;
 694:             2             64  [Ljava.lang.Thread;
 695:             2             64  [Ljava.lang.annotation.RetentionPolicy;
 696:             2             64  [Ljava.util.stream.Collector$Characteristics;
 697:             2             64  [Lorg.jetbrains.jps.model.java.JpsJavaClasspathKind;
 698:             2             64  [Lorg.jetbrains.jps.model.java.JpsJavaDependencyScope;
 699:             2             64  [Lorg.jetbrains.jps.model.library.JpsLibraryRoot$InclusionOptions;
 700:             2             64  [Lsun.nio.fs.NativeBuffer;
 701:             4             64  com.intellij.openapi.util.io.FileFilters$1
 702:             2             64  com.intellij.util.EventDispatcher
 703:             2             64  com.intellij.util.xmlb.AccessorBindingWrapper
 704:             4             64  com.sun.org.apache.xerces.internal.impl.XMLDocumentScannerImpl$PrologDriver
 705:             4             64  com.sun.org.apache.xerces.internal.impl.XMLDocumentScannerImpl$TrailingMiscDriver
 706:             4             64  com.sun.org.apache.xerces.internal.impl.XMLDocumentScannerImpl$XMLDeclDriver
 707:             4             64  com.sun.org.apache.xerces.internal.util.NamespaceContextWrapper
 708:             2             64  com.sun.org.apache.xerces.internal.utils.XMLSecurityPropertyManager$Property
 709:             4             64  com.sun.proxy.$Proxy2
 710:             4             64  com.sun.proxy.$Proxy9
 711:             2             64  io.netty.buffer.EmptyByteBuf
 712:             1             64  io.netty.buffer.PoolThreadCache
 713:             1             64  io.netty.buffer.PooledByteBufAllocator
 714:             2             64  io.netty.channel.AdaptiveRecvByteBufAllocator
 715:             1             64  io.netty.channel.ChannelOutboundBuffer
 716:             1             64  io.netty.channel.ChannelOutboundBuffer$Entry
 717:             1             64  io.netty.channel.DefaultChannelPipeline$HeadContext
 718:             1             64  io.netty.channel.socket.nio.NioSocketChannel$NioSocketChannelConfig
 719:             2             64  io.netty.util.concurrent.DefaultPromise
 720:             1             64  io.netty.util.concurrent.GlobalEventExecutor
 721:             4             64  io.netty.util.internal.ObjectPool$RecyclerObjectPool
 722:             4             64  io.netty.util.internal.TypeParameterMatcher$ReflectiveMatcher
 723:             2             64  java.io.PrintStream
 724:             2             64  java.lang.ClassValue$Entry
 725:             2             64  java.lang.NoSuchMethodError
 726:             2             64  java.lang.StringCoding$StringDecoder
 727:             2             64  java.lang.UnsupportedOperationException
 728:             2             64  java.lang.VirtualMachineError
 729:             2             64  java.lang.ref.ReferenceQueue$Null
 730:             2             64  java.security.MessageDigest$Delegate
 731:             1             64  java.security.SecureRandom
 732:             2             64  java.util.Collections$SynchronizedMap
 733:             2             64  java.util.ResourceBundle$LoaderReference
 734:             2             64  java.util.concurrent.ConcurrentHashMap$ForwardingNode
 735:             2             64  java.util.regex.Pattern$Behind
 736:             1             64  java.util.stream.ReferencePipeline$3
 737:             1             64  org.apache.log4j.ConsoleAppender
 738:             2             64  org.apache.log4j.PatternLayout
 739:             2             64  org.jetbrains.jps.builders.java.JavaSourceRootDescriptor
 740:             2             64  org.jetbrains.jps.builders.java.ResourceRootDescriptor
 741:             2             64  org.jetbrains.jps.incremental.groovy.GroovyBuilder
 742:             2             64  org.jetbrains.jps.maven.model.impl.ResourceRootConfiguration
 743:             4             64  org.jetbrains.jps.model.library.impl.JpsLibraryCollectionImpl
 744:             2             64  org.jetbrains.jps.model.library.impl.JpsSdkReferenceImpl
 745:             2             64  org.jetbrains.jps.model.library.impl.sdk.JpsSdkImpl
 746:             4             64  sun.net.www.protocol.jar.Handler
 747:             2             64  sun.reflect.UnsafeQualifiedObjectFieldAccessorImpl
 748:             2             64  sun.reflect.generics.tree.MethodTypeSignature
 749:             2             64  sun.security.provider.SecureRandom
 750:             1             56  [Lcom.google.protobuf.GeneratedMessageLite$MethodToInvoke;
 751:             1             56  [Lcom.sun.org.apache.xerces.internal.impl.XMLScanner$NameType;
 752:             1             56  [Ljava.lang.Runnable;
 753:             1             56  [Lsun.util.logging.PlatformLogger$Level;
 754:             1             56  [[I
 755:             1             56  com.intellij.util.io.PagedFileStorage$StorageLock
 756:             1             56  com.intellij.util.io.PagedFileStorage$StorageLock$1
 757:             1             56  io.netty.channel.DefaultChannelPipeline$TailContext
 758:             1             56  java.net.SocketPermission
 759:             1             56  java.util.logging.LogManager
 760:             1             56  org.jetbrains.jps.incremental.storage.BuildDataManager
 761:             1             56  sun.nio.ch.SinkChannelImpl
 762:             1             56  sun.nio.ch.SourceChannelImpl
 763:             1             48  [Lcom.intellij.diagnostic.LoadingState;
 764:             2             48  [Lcom.intellij.util.xmlb.annotations.Property$Style;
 765:             2             48  [Lcom.intellij.util.xmlb.annotations.XCollection$Style;
 766:             1             48  [Lcom.sun.beans.util.Cache$CacheEntry;
 767:             1             48  [Ljava.beans.WeakIdentityMap$Entry;
 768:             3             48  [Ljava.lang.annotation.Annotation;
 769:             1             48  [Ljava.lang.invoke.MethodHandleImpl$Intrinsic;
 770:             1             48  [Ljava.util.concurrent.TimeUnit;
 771:             1             48  [Lorg.jdom.Content$CType;
 772:             2             48  [Lorg.jetbrains.jps.model.serialization.library.JpsLibraryRootTypeSerializer;
 773:             1             48  [Lsun.nio.ch.SelectionKeyImpl;
 774:             2             48  com.intellij.flex.build.FlexResourceBuildTargetType
 775:             2             48  com.intellij.openapi.util.LowMemoryWatcher$LowMemoryWatcherType
 776:             2             48  com.intellij.openapi.util.Pair
 777:             2             48  com.intellij.openapi.util.io.PathExecLazyValue
 778:             2             48  com.intellij.util.EventDispatcher$1
 779:             2             48  com.intellij.util.PathUtilRt$Platform
 780:             2             48  com.intellij.util.concurrency.AtomicFieldUpdater
 781:             2             48  com.intellij.util.containers.ConcurrentFactoryMap$2
 782:             3             48  com.intellij.util.containers.ContainerUtil$ImmutableListBackedByArray
 783:             2             48  com.intellij.util.containers.DisposableWrapperList
 784:             1             48  com.intellij.util.containers.RefHashMap$MyMap
 785:             1             48  com.intellij.util.containers.SoftHashMap
 786:             2             48  com.intellij.util.xmlb.annotations.Property$Style
 787:             2             48  com.intellij.util.xmlb.annotations.XCollection$Style
 788:             3             48  com.sun.proxy.$Proxy1
 789:             2             48  gnu.trove.THashSet$HashProcedure
 790:             1             48  gnu.trove.TIntHashSet
 791:             1             48  io.netty.bootstrap.AbstractBootstrap$PendingRegistrationPromise
 792:             1             48  io.netty.bootstrap.Bootstrap
 793:             1             48  io.netty.buffer.UnpooledHeapByteBuf
 794:             1             48  io.netty.channel.DefaultChannelPipeline
 795:             2             48  io.netty.channel.VoidChannelPromise
 796:             2             48  io.netty.util.Recycler$WeakOrderQueue$Head
 797:             3             48  io.netty.util.concurrent.PromiseTask$SentinelRunnable
 798:             2             48  io.netty.util.internal.DefaultPriorityQueue
 799:             2             48  java.io.BufferedOutputStream
 800:             2             48  java.io.File$PathStatus
 801:             2             48  java.lang.Class$4
 802:             3             48  java.lang.ClassLoader$2
 803:             1             48  java.lang.ProcessEnvironment
 804:             1             48  java.lang.invoke.BoundMethodHandle$Species_L4
 805:             2             48  java.lang.reflect.ReflectPermission
 806:             2             48  java.net.InetAddress$Cache
 807:             2             48  java.net.InetAddress$Cache$Type
 808:             2             48  java.net.StandardProtocolFamily
 809:             2             48  java.nio.charset.CoderResult
 810:             3             48  java.nio.charset.CodingErrorAction
 811:             1             48  java.util.Properties$LineReader
 812:             2             48  java.util.concurrent.ConcurrentLinkedQueue
 813:             2             48  java.util.concurrent.ConcurrentLinkedQueue$Node
 814:             1             48  java.util.concurrent.ThreadPoolExecutor$Worker
 815:             2             48  java.util.logging.Logger$LoggerBundle
 816:             2             48  java.util.regex.Pattern$5
 817:             3             48  java.util.regex.Pattern$Dot
 818:             2             48  java.util.regex.Pattern$Prolog
 819:             2             48  java.util.regex.Pattern$SliceI
 820:             1             48  org.apache.log4j.Hierarchy
 821:             2             48  org.apache.log4j.helpers.FormattingInfo
 822:             2             48  org.apache.log4j.helpers.OnlyOnceErrorHandler
 823:             2             48  org.jetbrains.jps.builders.java.JavaModuleBuildTargetType
 824:             2             48  org.jetbrains.jps.builders.java.ResourcesTargetType
 825:             3             48  org.jetbrains.jps.builders.java.dependencyView.IntIntPersistentMultiMaplet$IntSetExternalizer
 826:             1             48  org.jetbrains.jps.builders.java.dependencyView.IntObjectPersistentMultiMaplet$1
 827:             1             48  org.jetbrains.jps.builders.java.dependencyView.ObjectObjectPersistentMultiMaplet$1
 828:             2             48  org.jetbrains.jps.gradle.model.impl.GradleResourcesTargetType
 829:             2             48  org.jetbrains.jps.incremental.groovy.CheckResourcesTarget$Type
 830:             2             48  org.jetbrains.jps.incremental.groovy.CheckResourcesTarget$Type$1
 831:             2             48  org.jetbrains.jps.incremental.relativizer.CommonPathRelativizer
 832:             2             48  org.jetbrains.jps.maven.model.impl.MavenAnnotationProcessorTargetType
 833:             2             48  org.jetbrains.jps.maven.model.impl.MavenResourcesTargetType
 834:             2             48  org.jetbrains.jps.model.java.JavaResourceRootType
 835:             2             48  org.jetbrains.jps.model.java.JavaSourceRootProperties
 836:             2             48  org.jetbrains.jps.model.java.JavaSourceRootType
 837:             2             48  org.jetbrains.jps.model.java.impl.JpsJavaDependenciesRootsEnumeratorImpl
 838:             2             48  org.jetbrains.jps.model.java.impl.compiler.JpsCompilerExcludesImpl
 839:             2             48  org.jetbrains.jps.model.module.impl.JpsDependenciesRootsEnumeratorBase$$Lambda$55/384587033
 840:             2             48  org.jetbrains.jps.model.module.impl.JpsSdkReferencesTableImpl
 841:             2             48  sun.misc.NativeSignalHandler
 842:             2             48  sun.misc.Signal
 843:             2             48  sun.nio.ch.Util$BufferCache
 844:             1             48  sun.nio.ch.WindowsSelectorImpl$FdMap
 845:             2             48  sun.reflect.generics.scope.MethodScope
 846:             2             48  sun.security.jca.ProviderList
 847:             2             48  sun.security.jca.ProviderList$3
 848:             2             48  sun.security.util.DisabledAlgorithmConstraints$DisabledConstraint
 849:             1             48  sun.util.resources.CalendarData
 850:             1             48  sun.util.resources.zh.CalendarData_zh
 851:             1             40  [Ljava.nio.charset.Charset;
 852:             1             40  [Lsun.nio.fs.WindowsPathType;
 853:             1             40  [Lsun.security.util.DisabledAlgorithmConstraints$Constraint$Operator;
 854:             1             40  [Lsun.util.locale.provider.LocaleProviderAdapter$Type;
 855:             1             40  [[Ljava.lang.invoke.LambdaForm$Name;
 856:             1             40  com.intellij.openapi.util.RecursionManager$CalculationStack
 857:             1             40  com.intellij.openapi.util.io.FileAttributes
 858:             1             40  com.sun.beans.finder.MethodFinder$1
 859:             1             40  io.netty.channel.AbstractChannel$CloseFuture
 860:             1             40  io.netty.channel.DefaultChannelPromise
 861:             1             40  io.netty.channel.socket.nio.NioSocketChannel$NioSocketChannelUnsafe
 862:             1             40  io.netty.handler.codec.protobuf.ProtobufVarint32FrameDecoder
 863:             1             40  java.beans.WeakIdentityMap$Entry
 864:             1             40  java.util.HashMap$KeySpliterator
 865:             1             40  java.util.ResourceBundle$1
 866:             1             40  org.apache.log4j.helpers.CountingQuietWriter
 867:             1             40  org.apache.log4j.helpers.PatternParser$DatePatternConverter
 868:             1             40  org.apache.log4j.spi.RootLogger
 869:             1             40  org.jetbrains.jps.cmdline.PreloadedData
 870:             1             40  org.jetbrains.jps.incremental.storage.BuildTargetsState
 871:             1             40  org.jetbrains.jps.incremental.storage.FileTimestampStorage
 872:             1             40  org.jetbrains.jps.incremental.storage.OneToManyPathsMapping
 873:             1             40  org.jetbrains.jps.incremental.storage.OutputToTargetRegistry
 874:             1             40  org.jetbrains.jps.model.impl.JpsProjectImpl
 875:             1             40  org.jetbrains.jps.model.java.compiler.EclipseCompilerOptions
 876:             1             40  org.jetbrains.jps.model.java.impl.JpsJavaModuleExtensionImpl
 877:             1             40  sun.nio.ch.SelectionKeyImpl
 878:             1             40  sun.nio.cs.StandardCharsets$Aliases
 879:             1             40  sun.nio.cs.StandardCharsets$Cache
 880:             1             40  sun.nio.cs.StandardCharsets$Classes
 881:             1             40  sun.nio.cs.ext.ExtendedCharsets
 882:             1             32  [Lcom.intellij.openapi.util.io.FileAttributes$Type;
 883:             1             32  [Lcom.intellij.util.ThreeState;
 884:             1             32  [Lcom.sun.beans.util.Cache$Kind;
 885:             2             32  [Ljava.lang.Enum;
 886:             1             32  [Ljava.lang.OutOfMemoryError;
 887:             1             32  [Ljava.lang.ThreadGroup;
 888:             1             32  [Ljava.lang.invoke.LambdaFormEditor$Transform;
 889:             2             32  [Ljava.security.cert.Certificate;
 890:             2             32  [Ljava.util.Map$Entry;
 891:             1             32  [Ljava.util.stream.StreamShape;
 892:             1             32  [Lorg.jetbrains.jps.api.CmdlineRemoteProto$Message$BuilderMessage$Type;
 893:             1             32  [Lorg.jetbrains.jps.api.CmdlineRemoteProto$Message$Type;
 894:             1             32  [Lorg.jetbrains.jps.indices.impl.ModuleExcludeIndexImpl$FileLocation;
 895:             1             32  [Lorg.jetbrains.jps.intellilang.instrumentation.InstrumentationType;
 896:             1             32  [Lorg.jetbrains.jps.model.serialization.JpsGlobalExtensionSerializer;
 897:             2             32  [Lsun.reflect.generics.tree.TypeSignature;
 898:             1             32  com.google.protobuf.CodedOutputStream$ArrayEncoder
 899:             1             32  com.google.protobuf.UnknownFieldSetLite
 900:             1             32  com.intellij.lang.aspectj.build.config.AjCompilerSettings
 901:             1             32  com.intellij.openapi.fileTypes.impl.FileTypeAssocTable
 902:             2             32  com.intellij.openapi.util.StaticGetter
 903:             2             32  com.intellij.util.containers.LockFreeCopyOnWriteArrayList
 904:             1             32  com.intellij.util.containers.WeakList
 905:             1             32  com.intellij.util.io.CachingEnumerator
 906:             1             32  com.intellij.util.io.PersistentHashMapValueStorage$1
 907:             1             32  com.intellij.util.io.PersistentHashMapValueStorage$2
 908:             1             32  com.intellij.util.io.PersistentHashMapValueStorage$3
 909:             1             32  com.intellij.util.text.CharArrayCharSequence
 910:             2             32  com.intellij.util.text.CharSequenceHashingStrategy
 911:             2             32  com.intellij.util.xmlb.SkipDefaultValuesSerializationFilters
 912:             2             32  com.sun.beans.WeakCache
 913:             1             32  com.sun.beans.finder.BeanInfoFinder
 914:             1             32  com.sun.org.apache.xerces.internal.impl.XMLEntityScanner$1
 915:             2             32  com.sun.proxy.$Proxy12
 916:             2             32  com.sun.proxy.$Proxy6
 917:             1             32  io.netty.buffer.PoolThreadCache$MemoryRegionCache$Entry
 918:             1             32  io.netty.buffer.UnpooledByteBufAllocator
 919:             1             32  io.netty.channel.AbstractChannelHandlerContext$WriteTask
 920:             1             32  io.netty.channel.DefaultChannelId
 921:             1             32  io.netty.channel.nio.NioEventLoopGroup
 922:             1             32  io.netty.handler.codec.CodecOutputList$CodecOutputLists
 923:             1             32  io.netty.handler.codec.protobuf.ProtobufDecoder
 924:             1             32  io.netty.util.Recycler$WeakOrderQueue$Link
 925:             1             32  io.netty.util.ResourceLeakDetector
 926:             1             32  io.netty.util.concurrent.DefaultThreadFactory
 927:             1             32  java.beans.ThreadGroupContext
 928:             1             32  java.beans.ThreadGroupContext$1
 929:             1             32  java.io.WinNTFileSystem
 930:             1             32  java.lang.ArithmeticException
 931:             1             32  java.lang.ArrayIndexOutOfBoundsException
 932:             1             32  java.lang.NoSuchMethodException
 933:             1             32  java.lang.NullPointerException
 934:             2             32  java.lang.Shutdown$Lock
 935:             1             32  java.lang.StackTraceElement
 936:             1             32  java.lang.StringCoding$StringEncoder
 937:             1             32  java.lang.reflect.WeakCache
 938:             2             32  java.nio.ByteOrder
 939:             1             32  java.security.BasicPermissionCollection
 940:             1             32  java.text.DontCareFieldPosition
 941:             2             32  java.util.Collections$UnmodifiableMap$UnmodifiableEntrySet
 942:             2             32  java.util.Collections$UnmodifiableMap$UnmodifiableEntrySet$UnmodifiableEntry
 943:             2             32  java.util.IdentityHashMap$KeySet
 944:             1             32  java.util.LinkedHashMap$LinkedValueIterator
 945:             2             32  java.util.LinkedHashMap$LinkedValues
 946:             1             32  java.util.Random
 947:             1             32  java.util.UUID
 948:             1             32  java.util.concurrent.CancellationException
 949:             1             32  java.util.concurrent.CountDownLatch$Sync
 950:             1             32  java.util.concurrent.SynchronousQueue
 951:             1             32  java.util.concurrent.SynchronousQueue$TransferStack$SNode
 952:             1             32  java.util.concurrent.ThreadLocalRandom
 953:             2             32  java.util.concurrent.atomic.AtomicReference
 954:             1             32  java.util.logging.LogManager$SystemLoggerContext
 955:             1             32  java.util.regex.Pattern$BnM
 956:             1             32  org.jetbrains.jps.builders.impl.BuildRootIndexImpl
 957:             1             32  org.jetbrains.jps.builders.impl.BuildTargetIndexImpl
 958:             1             32  org.jetbrains.jps.builders.java.dependencyView.DependencyContext
 959:             1             32  org.jetbrains.jps.builders.java.dependencyView.Mappings$2
 960:             1             32  org.jetbrains.jps.cmdline.BuildMain$MyMessageHandler
 961:             1             32  org.jetbrains.jps.cmdline.BuildRunner
 962:             1             32  org.jetbrains.jps.cmdline.JpsModelLoaderImpl
 963:             1             32  org.jetbrains.jps.incremental.BuilderRegistry
 964:             1             32  org.jetbrains.jps.incremental.CompilerEncodingConfiguration
 965:             1             32  org.jetbrains.jps.incremental.fs.BuildFSState
 966:             2             32  org.jetbrains.jps.incremental.groovy.CompilingGroovycRunner
 967:             1             32  org.jetbrains.jps.incremental.groovy.GreclipseBuilder
 968:             1             32  org.jetbrains.jps.indices.impl.ModuleExcludeIndexImpl
 969:             1             32  org.jetbrains.jps.maven.model.impl.MavenProjectConfiguration
 970:             2             32  org.jetbrains.jps.model.impl.JpsGlobalElementReference
 971:             1             32  org.jetbrains.jps.model.impl.JpsGlobalImpl
 972:             1             32  org.jetbrains.jps.model.impl.JpsModelImpl
 973:             1             32  org.jetbrains.jps.model.impl.runConfiguration.JpsRunConfigurationImpl
 974:             1             32  org.jetbrains.jps.model.java.compiler.JpsJavaCompilerOptions
 975:             1             32  org.jetbrains.jps.model.java.compiler.RmicCompilerOptions
 976:             2             32  org.jetbrains.jps.model.module.impl.JpsDependenciesRootsEnumeratorBase$$Lambda$54/607932305
 977:             1             32  org.jetbrains.jps.model.module.impl.JpsModuleImpl
 978:             1             32  sun.nio.ch.AllocatedNativeObject
 979:             1             32  sun.nio.ch.PollArrayWrapper
 980:             1             32  sun.nio.ch.ServerSocketAdaptor
 981:             2             32  sun.nio.ch.SocketDispatcher
 982:             1             32  sun.nio.ch.WindowsSelectorImpl$MapEntry
 983:             1             32  sun.nio.ch.WindowsSelectorImpl$SubSelector
 984:             1             32  sun.nio.cs.StandardCharsets
 985:             1             32  sun.nio.fs.WindowsFileSystem
 986:             2             32  sun.reflect.BootstrapConstructorAccessorImpl
 987:             1             32  sun.reflect.MethodAccessorGenerator$1
 988:             1             32  sun.reflect.generics.reflectiveObjects.WildcardTypeImpl
 989:             2             32  sun.reflect.generics.tree.TypeVariableSignature
 990:             1             32  sun.util.locale.provider.LocaleResources
 991:             1             32  sun.util.locale.provider.LocaleServiceProviderPool
 992:             1             24  [Lcom.intellij.flex.build.FlexResourceBuildTargetType;
 993:             1             24  [Lcom.intellij.lang.aspectj.build.AjBuilderBase;
 994:             1             24  [Lcom.intellij.openapi.util.LowMemoryWatcher$LowMemoryWatcherType;
 995:             1             24  [Lcom.intellij.util.PathUtilRt$Platform;
 996:             1             24  [Lio.netty.util.concurrent.EventExecutor;
 997:             1             24  [Lio.netty.util.concurrent.GenericFutureListener;
 998:             1             24  [Ljava.io.File$PathStatus;
 999:             1             24  [Ljava.lang.ClassValue$Entry;
1000:             1             24  [Ljava.net.InetAddress$Cache$Type;
1001:             1             24  [Ljava.net.StandardProtocolFamily;
1002:             1             24  [Ljava.util.Locale$Category;
1003:             1             24  [Lorg.jetbrains.jps.builders.java.JavaModuleBuildTargetType;
1004:             1             24  [Lorg.jetbrains.jps.builders.java.ResourcesTargetType;
1005:             1             24  [Lorg.jetbrains.jps.gradle.model.impl.GradleResourcesTargetType;
1006:             1             24  [Lorg.jetbrains.jps.incremental.groovy.CheckResourcesTarget$Type;
1007:             1             24  [Lorg.jetbrains.jps.maven.model.impl.MavenResourcesTargetType;
1008:             1             24  [Lorg.jetbrains.jps.uiDesigner.compiler.FormsBuilder;
1009:             1             24  [Lsun.launcher.LauncherHelper;
1010:             1             24  com.intellij.flex.build.FlexBuildTargetType
1011:             1             24  com.intellij.flex.model.sdk.JpsFlexSdkType
1012:             1             24  com.intellij.flex.model.sdk.JpsFlexmojosSdkType
1013:             1             24  com.intellij.jps.flex.build.FlexBuilder
1014:             1             24  com.intellij.lang.aspectj.build.AjTranslatingBuilder
1015:             1             24  com.intellij.lang.aspectj.build.AjWeavingBuilder
1016:             1             24  com.intellij.lang.aspectj.build.config.AjJpsCompilerSettings
1017:             1             24  com.intellij.openapi.fileTypes.WildcardFileNameMatcher
1018:             1             24  com.intellij.openapi.fileTypes.impl.IgnoredPatternSet
1019:             1             24  com.intellij.openapi.util.TextRange
1020:             1             24  com.intellij.openapi.util.text.StringUtil$MyHtml2Text
1021:             1             24  com.intellij.util.ConcurrencyUtil$$Lambda$8/361993357
1022:             1             24  com.intellij.util.containers.ConcurrentIntKeyWeakValueHashMap
1023:             1             24  com.intellij.util.containers.ContainerUtil$10
1024:             1             24  com.intellij.util.containers.MultiMap$EmptyMap
1025:             1             24  com.intellij.util.containers.RefHashMap$HardKey
1026:             1             24  com.intellij.util.io.PagedFileStorage$StorageLockContext
1027:             1             24  com.intellij.util.io.PersistentEnumeratorBase$FlyweightKey
1028:             1             24  com.intellij.util.io.PersistentStringEnumerator
1029:             1             24  com.intellij.util.xmlb.BeanBinding$XmlSerializerPropertyCollector
1030:             1             24  com.intellij.util.xmlb.JDOMElementBinding
1031:             1             24  com.sun.beans.util.Cache$Kind$1
1032:             1             24  com.sun.beans.util.Cache$Kind$2
1033:             1             24  com.sun.beans.util.Cache$Kind$3
1034:             1             24  com.sun.org.apache.xerces.internal.utils.XMLSecurityPropertyManager
1035:             1             24  com.sun.xml.internal.stream.XMLInputFactoryImpl
1036:             1             24  gnu.trove.THashMap$EntryView
1037:             1             24  io.netty.buffer.PooledByteBufAllocator$PoolThreadLocalCache
1038:             1             24  io.netty.buffer.UnpooledByteBufAllocator$UnpooledByteBufAllocatorMetric
1039:             1             24  io.netty.channel.ChannelMetadata
1040:             1             24  io.netty.channel.ChannelOption$1
1041:             1             24  io.netty.channel.SucceededChannelFuture
1042:             1             24  io.netty.channel.WriteBufferWaterMark
1043:             1             24  io.netty.channel.nio.SelectedSelectionKeySet
1044:             1             24  io.netty.channel.nio.SelectedSelectionKeySetSelector
1045:             1             24  io.netty.handler.codec.protobuf.ProtobufEncoder
1046:             1             24  io.netty.handler.codec.protobuf.ProtobufVarint32LengthFieldPrepender
1047:             1             24  io.netty.resolver.AddressResolverGroup$1
1048:             1             24  io.netty.resolver.DefaultAddressResolverGroup
1049:             1             24  io.netty.resolver.DefaultNameResolver
1050:             1             24  io.netty.resolver.InetSocketAddressResolver
1051:             1             24  io.netty.util.ResourceLeakDetectorFactory$DefaultResourceLeakDetectorFactory
1052:             1             24  io.netty.util.concurrent.DefaultEventExecutorChooserFactory$PowerOfTwoEventExecutorChooser
1053:             1             24  io.netty.util.concurrent.DefaultFutureListeners
1054:             1             24  io.netty.util.concurrent.FailedFuture
1055:             1             24  io.netty.util.internal.ThreadExecutorMap$1
1056:             1             24  io.netty.util.internal.ThreadExecutorMap$2
1057:             1             24  io.netty.util.internal.ThreadExecutorMap$3
1058:             1             24  java.lang.ClassValue$Version
1059:             1             24  java.lang.Double
1060:             1             24  java.lang.ProcessEnvironment$CheckedEntrySet$1
1061:             1             24  java.lang.ThreadLocal$SuppliedThreadLocal
1062:             1             24  java.lang.invoke.MethodHandleImpl$4
1063:             1             24  java.lang.invoke.MethodType$ConcurrentWeakInternSet
1064:             1             24  java.net.Inet6AddressImpl
1065:             1             24  java.nio.file.LinkOption
1066:             1             24  java.security.AllPermissionCollection
1067:             1             24  java.util.BitSet
1068:             1             24  java.util.Collections$3
1069:             1             24  java.util.Collections$EmptyMap
1070:             1             24  java.util.Collections$SynchronizedRandomAccessList
1071:             1             24  java.util.Collections$UnmodifiableList
1072:             1             24  java.util.Collections$UnmodifiableMap$UnmodifiableEntrySet$1
1073:             1             24  java.util.Date
1074:             1             24  java.util.Locale$Cache
1075:             1             24  java.util.ResourceBundle$Control$CandidateListCache
1076:             1             24  java.util.concurrent.Executors$RunnableAdapter
1077:             1             24  java.util.concurrent.TimeUnit$1
1078:             1             24  java.util.concurrent.TimeUnit$2
1079:             1             24  java.util.concurrent.TimeUnit$3
1080:             1             24  java.util.concurrent.TimeUnit$4
1081:             1             24  java.util.concurrent.TimeUnit$5
1082:             1             24  java.util.concurrent.TimeUnit$6
1083:             1             24  java.util.concurrent.TimeUnit$7
1084:             1             24  java.util.concurrent.atomic.AtomicIntegerFieldUpdater$AtomicIntegerFieldUpdaterImpl$1
1085:             1             24  java.util.logging.LogManager$2
1086:             1             24  java.util.logging.LogManager$LoggerContext
1087:             1             24  java.util.logging.LoggingPermission
1088:             1             24  java.util.regex.Pattern$Dollar
1089:             1             24  java.util.regex.Pattern$Pos
1090:             1             24  java.util.regex.Pattern$Ques
1091:             1             24  java.util.stream.ReferencePipeline$3$1
1092:             1             24  kotlin.collections.ArrayAsCollection
1093:             1             24  org.apache.log4j.helpers.ISO8601DateFormat
1094:             1             24  org.jetbrains.jps.android.AndroidManifestMergingTarget$MyTargetType
1095:             1             24  org.jetbrains.jps.android.builder.AndroidAarDepsBuildTarget$MyTargetType
1096:             1             24  org.jetbrains.jps.android.builder.AndroidDexBuildTarget$MyTargetType
1097:             1             24  org.jetbrains.jps.android.builder.AndroidLibraryPackagingTarget$MyTargetType
1098:             1             24  org.jetbrains.jps.android.builder.AndroidPackagingBuildTarget$MyTargetType
1099:             1             24  org.jetbrains.jps.android.builder.AndroidPreDexBuildTarget$MyTargetType
1100:             1             24  org.jetbrains.jps.android.builder.AndroidResourceCachingBuildTarget$MyTargetType
1101:             1             24  org.jetbrains.jps.android.builder.AndroidResourcePackagingBuildTarget$MyTargetType
1102:             1             24  org.jetbrains.jps.android.model.JpsAndroidSdkType
1103:             1             24  org.jetbrains.jps.android.model.impl.JpsAndroidModelSerializerExtension$1
1104:             1             24  org.jetbrains.jps.android.model.impl.JpsAndroidModelSerializerExtension$2
1105:             1             24  org.jetbrains.jps.api.CmdlineRemoteProto$Message$Builder
1106:             1             24  org.jetbrains.jps.api.CmdlineRemoteProto$Message$BuilderMessage$Builder
1107:             1             24  org.jetbrains.jps.api.CmdlineRemoteProto$Message$UUID$Builder
1108:             1             24  org.jetbrains.jps.backwardRefs.JavaBackwardReferenceIndexBuilder
1109:             1             24  org.jetbrains.jps.builders.impl.BuildTargetRegistryImpl
1110:             1             24  org.jetbrains.jps.builders.java.JavaSourceRootDescriptor$$Lambda$57/1827725498
1111:             1             24  org.jetbrains.jps.builders.java.dependencyView.ClassFileReprExternalizer
1112:             1             24  org.jetbrains.jps.builders.java.dependencyView.DependencyContext$1
1113:             1             24  org.jetbrains.jps.builders.java.dependencyView.IntObjectPersistentMultiMaplet
1114:             1             24  org.jetbrains.jps.builders.java.dependencyView.IntObjectPersistentMultiMaplet$CollectionDataExternalizer
1115:             1             24  org.jetbrains.jps.builders.java.dependencyView.ObjectObjectPersistentMultiMaplet$CollectionDataExternalizer
1116:             1             24  org.jetbrains.jps.cmdline.BuildMain$1
1117:             1             24  org.jetbrains.jps.devkit.model.JpsIdeaSdkType
1118:             1             24  org.jetbrains.jps.gradle.model.impl.JpsGradleExtensionServiceImpl
1119:             1             24  org.jetbrains.jps.gwt.build.GwtBuildTargetType
1120:             1             24  org.jetbrains.jps.incremental.artifacts.ArtifactBuildTargetType
1121:             1             24  org.jetbrains.jps.incremental.dependencies.ProjectDependenciesResolver$ProjectDependenciesResolvingTargetType
1122:             1             24  org.jetbrains.jps.incremental.groovy.GreclipseBuilder$1
1123:             1             24  org.jetbrains.jps.incremental.groovy.GreclipseJpsCompilerSettings
1124:             1             24  org.jetbrains.jps.incremental.groovy.GreclipseSettings
1125:             1             24  org.jetbrains.jps.incremental.instrumentation.NotNullInstrumentingBuilder
1126:             1             24  org.jetbrains.jps.incremental.java.JavaBuilder
1127:             1             24  org.jetbrains.jps.incremental.relativizer.GradlePathRelativizer
1128:             1             24  org.jetbrains.jps.incremental.relativizer.MavenPathRelativizer
1129:             1             24  org.jetbrains.jps.incremental.relativizer.PathRelativizerService
1130:             1             24  org.jetbrains.jps.intellilang.instrumentation.PatternValidatorBuilder
1131:             1             24  org.jetbrains.jps.intellilang.model.impl.JpsIntelliLangConfigurationImpl
1132:             1             24  org.jetbrains.jps.javaee.build.jspValidation.JspValidationTarget$Type
1133:             1             24  org.jetbrains.jps.javaee.model.impl.JpsApplicationServersTableImpl
1134:             1             24  org.jetbrains.jps.javaee.model.web.impl.JpsWebModuleExtensionImpl
1135:             1             24  org.jetbrains.jps.maven.model.impl.JpsMavenExtensionServiceImpl
1136:             1             24  org.jetbrains.jps.maven.model.impl.JpsMavenModuleExtensionImpl
1137:             1             24  org.jetbrains.jps.maven.model.impl.MavenIdBean
1138:             1             24  org.jetbrains.jps.model.ex.JpsFactoryElementChildRoleBase
1139:             1             24  org.jetbrains.jps.model.impl.JpsElementFactoryImpl$1
1140:             1             24  org.jetbrains.jps.model.impl.JpsEncodingProjectConfigurationImpl
1141:             1             24  org.jetbrains.jps.model.impl.JpsFileTypesConfigurationImpl
1142:             1             24  org.jetbrains.jps.model.impl.JpsSimpleElementImpl
1143:             1             24  org.jetbrains.jps.model.jarRepository.impl.JpsRemoteRepositoriesConfigurationImpl
1144:             1             24  org.jetbrains.jps.model.java.JavaResourceRootProperties
1145:             1             24  org.jetbrains.jps.model.java.JpsJavaSdkType
1146:             1             24  org.jetbrains.jps.model.java.impl.JpsJavaProjectExtensionImpl
1147:             1             24  org.jetbrains.jps.model.java.impl.compiler.JpsValidationConfigurationImpl
1148:             1             24  org.jetbrains.jps.model.module.impl.JpsDependenciesListImpl
1149:             1             24  org.jetbrains.jps.model.module.impl.JpsModuleSourceDependencyImpl
1150:             1             24  org.jetbrains.jps.model.module.impl.JpsSdkDependencyImpl
1151:             1             24  org.jetbrains.jps.model.module.impl.JpsSdkReferenceRole
1152:             1             24  org.jetbrains.jps.model.serialization.JpsGlobalLoader$FileTypesSerializer
1153:             1             24  org.jetbrains.jps.model.serialization.JpsGlobalLoader$GlobalLibrariesSerializer
1154:             1             24  org.jetbrains.jps.model.serialization.JpsGlobalLoader$SdkTableSerializer
1155:             1             24  org.jetbrains.jps.model.serialization.impl.JpsModuleSerializationDataExtensionImpl
1156:             1             24  org.jetbrains.jps.model.serialization.impl.JpsPathVariablesConfigurationImpl
1157:             1             24  org.jetbrains.jps.model.serialization.impl.JpsProjectSerializationDataExtensionImpl
1158:             1             24  org.jetbrains.jps.model.serialization.jarRepository.JpsRemoteRepositoriesConfigurationSerializer
1159:             1             24  org.jetbrains.jps.model.serialization.java.JpsJavaModelSerializerExtension$JavaSourceRootPropertiesSerializer
1160:             1             24  org.jetbrains.jps.model.serialization.library.JpsLibraryTableSerializer$1
1161:             1             24  org.jetbrains.jps.model.serialization.library.JpsSdkTableSerializer$1
1162:             1             24  org.jetbrains.jps.model.serialization.runConfigurations.JpsUnknownRunConfigurationType
1163:             1             24  org.jetbrains.jps.service.impl.JpsServiceManagerImpl
1164:             1             24  org.jetbrains.jps.uiDesigner.compiler.FormsBindingManager
1165:             1             24  org.jetbrains.jps.uiDesigner.compiler.FormsInstrumenter
1166:             1             24  org.jetbrains.jps.uiDesigner.model.impl.JpsUiDesignerConfigurationImpl
1167:             1             24  org.jetbrains.jps.webSphere.LooseAppBuildTargetType
1168:             1             24  org.jetbrains.kotlin.jps.build.KotlinBuilder
1169:             1             24  org.jetbrains.kotlin.jps.build.TeamcityStatisticsLogger
1170:             1             24  org.jetbrains.kotlin.jps.model.JpsKotlinFacetConfigurationSerializer
1171:             1             24  org.jetbrains.kotlin.jps.model.Kotlin2JsCompilerArgumentsSerializer$1
1172:             1             24  org.jetbrains.kotlin.jps.model.Kotlin2JvmCompilerArgumentsSerializer$1
1173:             1             24  org.jetbrains.kotlin.jps.model.KotlinCommonCompilerArgumentsSerializer$1
1174:             1             24  org.jetbrains.kotlin.jps.model.KotlinCompilerSettingsSerializer$1
1175:             1             24  org.jetbrains.osgi.jps.build.OsmorcBuildTargetType
1176:             1             24  org.jetbrains.osgi.jps.model.impl.JpsOsmorcProjectExtensionImpl
1177:             1             24  org.jetbrains.osgi.jps.model.impl.OsmorcProjectExtensionProperties
1178:             1             24  org.slf4j.helpers.SubstituteLoggerFactory
1179:             1             24  sun.launcher.LauncherHelper
1180:             1             24  sun.nio.ch.PipeImpl
1181:             1             24  sun.nio.ch.WindowsSelectorImpl$FinishLock
1182:             1             24  sun.nio.ch.WindowsSelectorImpl$StartLock
1183:             1             24  sun.nio.cs.ISO_8859_1
1184:             1             24  sun.nio.cs.MS1251
1185:             1             24  sun.nio.cs.ThreadLocalCoders$1
1186:             1             24  sun.nio.cs.ThreadLocalCoders$2
1187:             1             24  sun.nio.cs.US_ASCII
1188:             1             24  sun.nio.cs.UTF_16
1189:             1             24  sun.nio.cs.UTF_16BE
1190:             1             24  sun.nio.cs.UTF_16LE
1191:             1             24  sun.nio.cs.UTF_32BE
1192:             1             24  sun.nio.cs.UTF_32LE
1193:             1             24  sun.nio.cs.UTF_8
1194:             1             24  sun.nio.cs.ext.GBK
1195:             1             24  sun.nio.fs.WindowsSecurityDescriptor
1196:             1             24  sun.reflect.Label$PatchInfo
1197:             1             24  sun.reflect.generics.tree.Wildcard
1198:             1             24  sun.security.util.DisabledAlgorithmConstraints
1199:             1             24  sun.util.locale.BaseLocale$Cache
1200:             1             24  sun.util.locale.provider.CalendarDataProviderImpl
1201:             1             24  sun.util.locale.provider.CalendarProviderImpl
1202:             1             16  [Lcom.intellij.openapi.util.Key;
1203:             1             16  [Lcom.intellij.openapi.util.TextRange;
1204:             1             16  [Lio.netty.util.AsciiString;
1205:             1             16  [Ljava.beans.EventSetDescriptor;
1206:             1             16  [Ljava.lang.Throwable;
1207:             1             16  [Ljava.security.Provider;
1208:             1             16  [Ljava.security.cert.X509Certificate;
1209:             1             16  [Ljava.util.Collection;
1210:             1             16  [Ljava.util.logging.Handler;
1211:             1             16  [Ljavax.security.cert.X509Certificate;
1212:             1             16  com.google.protobuf.UnsafeUtil$1
1213:             1             16  com.google.protobuf.UnsafeUtil$JvmMemoryAccessor
1214:             1             16  com.intellij.flex.model.JpsFlexModelSerializerExtension
1215:             1             16  com.intellij.flex.model.module.JpsFlexModuleType
1216:             1             16  com.intellij.flex.model.run.JpsFlashRunConfigurationType
1217:             1             16  com.intellij.flex.model.run.JpsFlexUnitRunConfigurationType
1218:             1             16  com.intellij.jps.flex.build.FlexBuilderService
1219:             1             16  com.intellij.jps.flex.build.FlexExcludedJavaSourceRootProvider
1220:             1             16  com.intellij.jps.flex.build.FlexResourceBuilder
1221:             1             16  com.intellij.lang.aspectj.build.AjBuilderService
1222:             1             16  com.intellij.lang.aspectj.build.AjModelSerializerExtension
1223:             1             16  com.intellij.openapi.diagnostic.DefaultLogger
1224:             1             16  com.intellij.openapi.diagnostic.Logger$$Lambda$4/1558600329
1225:             1             16  com.intellij.openapi.fileTypes.WildcardFileNameMatcher$SuffixMatcher
1226:             1             16  com.intellij.openapi.util.EmptyRunnable
1227:             1             16  com.intellij.openapi.util.JDOMUtil$$Lambda$9/13329486
1228:             1             16  com.intellij.openapi.util.JDOMUtil$EmptyTextFilter
1229:             1             16  com.intellij.openapi.util.RecursionManager$$Lambda$28/1616974404
1230:             1             16  com.intellij.openapi.util.SafeJdomFactory$BaseSafeJdomFactory
1231:             1             16  com.intellij.openapi.util.ThreadLocalCachedByteArray
1232:             1             16  com.intellij.openapi.util.io.FileSystemUtil$IdeaWin32MediatorImpl
1233:             1             16  com.intellij.openapi.util.io.FileUtil$1
1234:             1             16  com.intellij.openapi.util.io.FileUtil$2
1235:             1             16  com.intellij.openapi.util.io.FileUtilRt$1
1236:             1             16  com.intellij.openapi.util.io.FileUtilRt$2
1237:             1             16  com.intellij.openapi.util.io.FileUtilRt$3
1238:             1             16  com.intellij.openapi.util.io.NullAppendable
1239:             1             16  com.intellij.openapi.util.io.win32.IdeaWin32
1240:             1             16  com.intellij.openapi.util.text.StringUtil$$Lambda$1/930990596
1241:             1             16  com.intellij.openapi.util.text.StringUtil$$Lambda$2/6566818
1242:             1             16  com.intellij.openapi.util.text.StringUtil$$Lambda$3/1650967483
1243:             1             16  com.intellij.util.ArrayUtil$$Lambda$11/1032986144
1244:             1             16  com.intellij.util.ArrayUtil$$Lambda$12/917819120
1245:             1             16  com.intellij.util.ConcurrencyUtil$$Lambda$6/1433867275
1246:             1             16  com.intellij.util.ObjectUtils$Sentinel
1247:             1             16  com.intellij.util.SmartList$$Lambda$10/2048425748
1248:             1             16  com.intellij.util.concurrency.BoundedTaskExecutor$$Lambda$16/339924917
1249:             1             16  com.intellij.util.containers.ContainerUtilRt$EmptyList
1250:             1             16  com.intellij.util.containers.RefHashMap$MyMap$1
1251:             1             16  com.intellij.util.containers.UnsafeWeakList$$Lambda$44/251210093
1252:             1             16  com.intellij.util.containers.UnsafeWeakList$$Lambda$45/2021707251
1253:             1             16  com.intellij.util.containers.hash.EqualityPolicy$1
1254:             1             16  com.intellij.util.containers.hash.EqualityPolicy$2
1255:             1             16  com.intellij.util.io.EnumeratorIntegerDescriptor
1256:             1             16  com.intellij.util.io.EnumeratorStringDescriptor$EnumeratorStringDescriptorImpl
1257:             1             16  com.intellij.util.io.IOUtil$1
1258:             1             16  com.intellij.util.io.Page$$Lambda$42/1846406218
1259:             1             16  com.intellij.util.io.PersistentHashMap$5
1260:             1             16  com.intellij.util.io.PersistentHashMapValueStorage$CreationTimeOptions$1
1261:             1             16  com.intellij.util.io.PersistentStringEnumerator$1
1262:             1             16  com.intellij.util.keyFMap.EmptyFMap
1263:             1             16  com.intellij.util.text.CaseInsensitiveStringHashingStrategy
1264:             1             16  com.intellij.util.xmlb.MapBinding$$Lambda$29/295221641
1265:             1             16  com.intellij.util.xmlb.XmlSerializer$1
1266:             1             16  com.intellij.util.xmlb.XmlSerializerImpl$XmlSerializer
1267:             1             16  com.sun.org.apache.xerces.internal.utils.SecuritySupport
1268:             1             16  com.sun.proxy.$Proxy10
1269:             1             16  com.sun.proxy.$Proxy4
1270:             1             16  com.sun.proxy.$Proxy5
1271:             1             16  gnu.trove.TObjectCanonicalHashingStrategy
1272:             1             16  gnu.trove.TObjectHash$NULL
1273:             1             16  gnu.trove.TObjectIdentityHashingStrategy
1274:             1             16  io.netty.bootstrap.BootstrapConfig
1275:             1             16  io.netty.buffer.AbstractReferenceCountedByteBuf$1
1276:             1             16  io.netty.buffer.ByteBufUtil$1
1277:             1             16  io.netty.buffer.ByteBufUtil$2
1278:             1             16  io.netty.buffer.PoolThreadCache$MemoryRegionCache$1
1279:             1             16  io.netty.buffer.PooledByteBufAllocator$1
1280:             1             16  io.netty.buffer.PooledByteBufAllocatorMetric
1281:             1             16  io.netty.buffer.PooledDirectByteBuf$1
1282:             1             16  io.netty.channel.AbstractChannelHandlerContext$WriteTask$1
1283:             1             16  io.netty.channel.ChannelFutureListener$1
1284:             1             16  io.netty.channel.ChannelFutureListener$2
1285:             1             16  io.netty.channel.ChannelFutureListener$3
1286:             1             16  io.netty.channel.ChannelHandlerMask$1
1287:             1             16  io.netty.channel.ChannelOutboundBuffer$1
1288:             1             16  io.netty.channel.ChannelOutboundBuffer$Entry$1
1289:             1             16  io.netty.channel.DefaultChannelPipeline$1
1290:             1             16  io.netty.channel.DefaultMessageSizeEstimator
1291:             1             16  io.netty.channel.DefaultMessageSizeEstimator$HandleImpl
1292:             1             16  io.netty.channel.DefaultSelectStrategy
1293:             1             16  io.netty.channel.DefaultSelectStrategyFactory
1294:             1             16  io.netty.channel.ReflectiveChannelFactory
1295:             1             16  io.netty.channel.VoidChannelPromise$1
1296:             1             16  io.netty.channel.nio.AbstractNioByteChannel$1
1297:             1             16  io.netty.channel.nio.AbstractNioChannel$1
1298:             1             16  io.netty.channel.nio.NioEventLoop$1
1299:             1             16  io.netty.handler.codec.ByteToMessageDecoder$1
1300:             1             16  io.netty.handler.codec.ByteToMessageDecoder$2
1301:             1             16  io.netty.handler.codec.CodecOutputList$1
1302:             1             16  io.netty.handler.codec.CodecOutputList$2
1303:             1             16  io.netty.util.NettyRuntime$AvailableProcessorsHolder
1304:             1             16  io.netty.util.Recycler$1
1305:             1             16  io.netty.util.Recycler$3
1306:             1             16  io.netty.util.concurrent.AbstractScheduledEventExecutor$1
1307:             1             16  io.netty.util.concurrent.AbstractScheduledEventExecutor$2
1308:             1             16  io.netty.util.concurrent.DefaultEventExecutorChooserFactory
1309:             1             16  io.netty.util.concurrent.DefaultPromise$CauseHolder
1310:             1             16  io.netty.util.concurrent.FastThreadLocal
1311:             1             16  io.netty.util.concurrent.GlobalEventExecutor$1
1312:             1             16  io.netty.util.concurrent.GlobalEventExecutor$TaskRunner
1313:             1             16  io.netty.util.concurrent.MultithreadEventExecutorGroup$1
1314:             1             16  io.netty.util.concurrent.RejectedExecutionHandlers$1
1315:             1             16  io.netty.util.concurrent.SingleThreadEventExecutor$1
1316:             1             16  io.netty.util.concurrent.SingleThreadEventExecutor$4
1317:             1             16  io.netty.util.concurrent.ThreadPerTaskExecutor
1318:             1             16  io.netty.util.internal.CleanerJava6
1319:             1             16  io.netty.util.internal.PlatformDependent$1
1320:             1             16  io.netty.util.internal.PlatformDependent$2
1321:             1             16  io.netty.util.internal.TypeParameterMatcher$1
1322:             1             16  io.netty.util.internal.logging.Log4J2LoggerFactory
1323:             1             16  io.netty.util.internal.logging.Log4JLoggerFactory
1324:             1             16  io.netty.util.internal.logging.Slf4JLoggerFactory
1325:             1             16  java.io.FileDescriptor$1
1326:             1             16  java.lang.ApplicationShutdownHooks$1
1327:             1             16  java.lang.CharacterDataLatin1
1328:             1             16  java.lang.ClassValue$Identity
1329:             1             16  java.lang.Float
1330:             1             16  java.lang.InheritableThreadLocal
1331:             1             16  java.lang.ProcessEnvironment$CheckedEntrySet
1332:             1             16  java.lang.ProcessEnvironment$EntryComparator
1333:             1             16  java.lang.ProcessEnvironment$NameComparator
1334:             1             16  java.lang.Runtime
1335:             1             16  java.lang.String$CaseInsensitiveComparator
1336:             1             16  java.lang.System$2
1337:             1             16  java.lang.Terminator$1
1338:             1             16  java.lang.invoke.MemberName$Factory
1339:             1             16  java.lang.invoke.MethodHandleImpl$2
1340:             1             16  java.lang.invoke.MethodHandleImpl$3
1341:             1             16  java.lang.ref.Reference$1
1342:             1             16  java.lang.ref.Reference$Lock
1343:             1             16  java.lang.reflect.Proxy$KeyFactory
1344:             1             16  java.lang.reflect.Proxy$ProxyClassFactory
1345:             1             16  java.lang.reflect.ReflectAccess
1346:             1             16  java.net.InetAddress$2
1347:             1             16  java.net.URLClassLoader$7
1348:             1             16  java.nio.Bits$1
1349:             1             16  java.nio.channels.spi.AbstractSelector$1
1350:             1             16  java.nio.charset.CoderResult$1
1351:             1             16  java.nio.charset.CoderResult$2
1352:             1             16  java.nio.file.Files$AcceptAllFilter
1353:             1             16  java.security.AllPermission
1354:             1             16  java.security.ProtectionDomain$2
1355:             1             16  java.security.ProtectionDomain$JavaSecurityAccessImpl
1356:             1             16  java.text.DontCareFieldPosition$1
1357:             1             16  java.util.Collections$EmptyEnumeration
1358:             1             16  java.util.Collections$EmptyIterator
1359:             1             16  java.util.Collections$EmptyList
1360:             1             16  java.util.Collections$EmptyListIterator
1361:             1             16  java.util.Collections$EmptySet
1362:             1             16  java.util.EnumMap$1
1363:             1             16  java.util.Hashtable$EntrySet
1364:             1             16  java.util.ResourceBundle$Control
1365:             1             16  java.util.Spliterators$EmptySpliterator$OfDouble
1366:             1             16  java.util.Spliterators$EmptySpliterator$OfInt
1367:             1             16  java.util.Spliterators$EmptySpliterator$OfLong
1368:             1             16  java.util.Spliterators$EmptySpliterator$OfRef
1369:             1             16  java.util.WeakHashMap$KeySet
1370:             1             16  java.util.concurrent.ConcurrentHashMap$EntrySetView
1371:             1             16  java.util.concurrent.CountDownLatch
1372:             1             16  java.util.concurrent.SynchronousQueue$TransferStack
1373:             1             16  java.util.concurrent.ThreadPoolExecutor$AbortPolicy
1374:             1             16  java.util.function.Function$$Lambda$51/558216562
1375:             1             16  java.util.jar.JavaUtilJarAccessImpl
1376:             1             16  java.util.logging.LogManager$1
1377:             1             16  java.util.logging.LogManager$3
1378:             1             16  java.util.logging.LoggingProxyImpl
1379:             1             16  java.util.regex.Pattern$4
1380:             1             16  java.util.regex.Pattern$LastNode
1381:             1             16  java.util.regex.Pattern$Node
1382:             1             16  java.util.stream.Collectors$$Lambda$32/1139700454
1383:             1             16  java.util.stream.Collectors$$Lambda$33/671467883
1384:             1             16  java.util.stream.Collectors$$Lambda$34/1543148593
1385:             1             16  java.util.stream.Collectors$$Lambda$35/1571967156
1386:             1             16  java.util.stream.Collectors$$Lambda$39/572593338
1387:             1             16  java.util.stream.Collectors$$Lambda$52/961712517
1388:             1             16  java.util.stream.Collectors$$Lambda$53/1928931046
1389:             1             16  java.util.stream.FindOps$$Lambda$48/1058634310
1390:             1             16  java.util.stream.FindOps$$Lambda$49/404214852
1391:             1             16  java.util.zip.ZipFile$1
1392:             1             16  javax.xml.stream.SecuritySupport
1393:             1             16  kotlin.collections.EmptyIterator
1394:             1             16  kotlin.collections.EmptyList
1395:             1             16  kotlin.jvm.internal.CallableReference$NoReceiver
1396:             1             16  org.apache.log4j.DefaultCategoryFactory
1397:             1             16  org.apache.log4j.helpers.AppenderAttachableImpl
1398:             1             16  org.apache.log4j.or.DefaultRenderer
1399:             1             16  org.apache.log4j.or.RendererMap
1400:             1             16  org.apache.log4j.spi.DefaultRepositorySelector
1401:             1             16  org.jdom.AttributeList$1
1402:             1             16  org.jetbrains.jps.android.AndroidAdditionalRootProviderService
1403:             1             16  org.jetbrains.jps.android.AndroidBuilderService
1404:             1             16  org.jetbrains.jps.android.AndroidDexBuilder
1405:             1             16  org.jetbrains.jps.android.AndroidExcludedJavaSourceRootProvider
1406:             1             16  org.jetbrains.jps.android.AndroidLibraryPackagingBuilder
1407:             1             16  org.jetbrains.jps.android.AndroidManifestMergingBuilder
1408:             1             16  org.jetbrains.jps.android.AndroidPackagingBuilder
1409:             1             16  org.jetbrains.jps.android.AndroidPreDexBuilder
1410:             1             16  org.jetbrains.jps.android.AndroidResourceCachingBuilder
1411:             1             16  org.jetbrains.jps.android.AndroidResourcePackagingBuilder
1412:             1             16  org.jetbrains.jps.android.AndroidSourceGeneratingBuilder
1413:             1             16  org.jetbrains.jps.android.builder.AndroidAarDepsBuilder
1414:             1             16  org.jetbrains.jps.android.model.impl.JpsAndroidModelSerializerExtension
1415:             1             16  org.jetbrains.jps.ant.model.impl.JpsAntModelSerializerExtension
1416:             1             16  org.jetbrains.jps.api.CmdlineRemoteProto$Message$BuilderMessage$Type$1
1417:             1             16  org.jetbrains.jps.api.CmdlineRemoteProto$Message$Type$1
1418:             1             16  org.jetbrains.jps.builders.impl.BuildDataPathsImpl
1419:             1             16  org.jetbrains.jps.builders.impl.logging.ProjectBuilderLoggerImpl
1420:             1             16  org.jetbrains.jps.builders.java.JavaBuilderExtensionImpl
1421:             1             16  org.jetbrains.jps.builders.java.dependencyView.ClassRepr$2
1422:             1             16  org.jetbrains.jps.builders.java.dependencyView.Mappings$$Lambda$46/836220863
1423:             1             16  org.jetbrains.jps.builders.java.dependencyView.Mappings$1
1424:             1             16  org.jetbrains.jps.builders.java.dependencyView.ModuleRepr$2
1425:             1             16  org.jetbrains.jps.builders.logging.BuildLoggingManager
1426:             1             16  org.jetbrains.jps.cmdline.BuildMain$$Lambda$58/258931371
1427:             1             16  org.jetbrains.jps.cmdline.BuildMain$2
1428:             1             16  org.jetbrains.jps.cmdline.LogSetup$MyLoggerFactory
1429:             1             16  org.jetbrains.jps.devkit.builder.JpsPluginSyntheticArtifactProvider
1430:             1             16  org.jetbrains.jps.devkit.builder.PluginJavaBuilderExtension
1431:             1             16  org.jetbrains.jps.devkit.model.JpsPluginModuleType
1432:             1             16  org.jetbrains.jps.devkit.model.impl.JpsDevKitModelSerializerExtension
1433:             1             16  org.jetbrains.jps.dmserver.model.impl.JpsDMModelSerializerExtension
1434:             1             16  org.jetbrains.jps.eclipse.model.JpsEclipseClasspathSerializer
1435:             1             16  org.jetbrains.jps.eclipse.model.JpsEclipseModelSerializerExtension
1436:             1             16  org.jetbrains.jps.gradle.compiler.GradleBuilderService
1437:             1             16  org.jetbrains.jps.gradle.compiler.GradleResourcesBuilder
1438:             1             16  org.jetbrains.jps.gradle.model.impl.JpsGradleDependenciesEnumerationHandler$GradleFactory
1439:             1             16  org.jetbrains.jps.gradle.model.impl.JpsGradleExtensionServiceImpl$$Lambda$24/107456312
1440:             1             16  org.jetbrains.jps.gradle.model.impl.JpsGradleExtensionServiceImpl$1
1441:             1             16  org.jetbrains.jps.gradle.model.impl.JpsGradleModelSerializationExtension
1442:             1             16  org.jetbrains.jps.gwt.build.GwtBuilder
1443:             1             16  org.jetbrains.jps.gwt.build.GwtBuilderService
1444:             1             16  org.jetbrains.jps.gwt.model.impl.JpsGwtExtensionServiceImpl
1445:             1             16  org.jetbrains.jps.gwt.model.impl.JpsGwtModelSerializerExtension
1446:             1             16  org.jetbrains.jps.incremental.BuilderRegistry$$Lambda$56/29183965
1447:             1             16  org.jetbrains.jps.incremental.CleanupTempDirectoryExtension
1448:             1             16  org.jetbrains.jps.incremental.FSCache$1
1449:             1             16  org.jetbrains.jps.incremental.JavaBuilderService
1450:             1             16  org.jetbrains.jps.incremental.TargetTypeRegistry
1451:             1             16  org.jetbrains.jps.incremental.artifacts.ArtifactBuilderService
1452:             1             16  org.jetbrains.jps.incremental.artifacts.IncArtifactBuilder
1453:             1             16  org.jetbrains.jps.incremental.artifacts.impl.JpsBuilderArtifactServiceImpl
1454:             1             16  org.jetbrains.jps.incremental.dependencies.DependencyResolvingBuilder
1455:             1             16  org.jetbrains.jps.incremental.dependencies.ProjectDependenciesResolver
1456:             1             16  org.jetbrains.jps.incremental.dependencies.ProjectDependenciesResolver$ProjectDependenciesResolvingTarget
1457:             1             16  org.jetbrains.jps.incremental.dependencies.ProjectDependenciesResolver$ProjectDependenciesResolvingTargetType$1
1458:             1             16  org.jetbrains.jps.incremental.groovy.GroovyBuilder$RecompileStubSources
1459:             1             16  org.jetbrains.jps.incremental.groovy.GroovyBuilderService
1460:             1             16  org.jetbrains.jps.incremental.groovy.GroovyJavaBuilderExtension
1461:             1             16  org.jetbrains.jps.incremental.groovy.GroovyModelSerializerExtension
1462:             1             16  org.jetbrains.jps.incremental.groovy.GroovyResourceChecker
1463:             1             16  org.jetbrains.jps.incremental.instrumentation.RmiStubsGenerator
1464:             1             16  org.jetbrains.jps.incremental.java.AnnotationsExcludedJavaSourceRootProvider
1465:             1             16  org.jetbrains.jps.incremental.relativizer.JavaSdkPathRelativizer
1466:             1             16  org.jetbrains.jps.incremental.relativizer.JavaSdkPathRelativizer$$Lambda$36/898557489
1467:             1             16  org.jetbrains.jps.incremental.relativizer.JavaSdkPathRelativizer$$Lambda$37/247944893
1468:             1             16  org.jetbrains.jps.incremental.relativizer.JavaSdkPathRelativizer$$Lambda$38/1014166943
1469:             1             16  org.jetbrains.jps.incremental.relativizer.PathRelativizerService$$Lambda$30/6320204
1470:             1             16  org.jetbrains.jps.incremental.relativizer.PathRelativizerService$$Lambda$31/112302969
1471:             1             16  org.jetbrains.jps.incremental.resources.ResourcesBuilder
1472:             1             16  org.jetbrains.jps.incremental.storage.BuildDataManager$1
1473:             1             16  org.jetbrains.jps.incremental.storage.BuildDataManager$2
1474:             1             16  org.jetbrains.jps.incremental.storage.FileKeyDescriptor
1475:             1             16  org.jetbrains.jps.incremental.storage.FileTimestampStorage$StateExternalizer
1476:             1             16  org.jetbrains.jps.incremental.storage.OneToManyPathsMapping$PathCollectionExternalizer
1477:             1             16  org.jetbrains.jps.incremental.storage.OutputToTargetRegistry$1
1478:             1             16  org.jetbrains.jps.incremental.storage.PathStringDescriptor
1479:             1             16  org.jetbrains.jps.incremental.storage.ProjectTimestamps
1480:             1             16  org.jetbrains.jps.indices.impl.IgnoredFileIndexImpl
1481:             1             16  org.jetbrains.jps.intellilang.instrumentation.PatternValidatorBuilderService
1482:             1             16  org.jetbrains.jps.intellilang.model.impl.JpsIntelliLangExtensionServiceImpl
1483:             1             16  org.jetbrains.jps.intellilang.model.impl.JpsIntelliLangModelSerializerExtension
1484:             1             16  org.jetbrains.jps.javaee.build.jspValidation.JasperValidator
1485:             1             16  org.jetbrains.jps.javaee.build.jspValidation.JspValidationBuilderService
1486:             1             16  org.jetbrains.jps.javaee.model.impl.JpsApplicationServersTableImpl$JpsApplicationServersTableRole
1487:             1             16  org.jetbrains.jps.javaee.model.impl.JpsJavaeeExtensionServiceImpl
1488:             1             16  org.jetbrains.jps.javaee.model.impl.JpsJavaeeModelSerializerExtension
1489:             1             16  org.jetbrains.jps.jpa.model.impl.JpsJpaModelSerializerExtension
1490:             1             16  org.jetbrains.jps.maven.compiler.MavenBuilderService
1491:             1             16  org.jetbrains.jps.maven.compiler.MavenResourcesBuilder
1492:             1             16  org.jetbrains.jps.maven.model.impl.JpsMavenDependenciesEnumerationHandler
1493:             1             16  org.jetbrains.jps.maven.model.impl.JpsMavenDependenciesEnumerationHandler$MavenFactory
1494:             1             16  org.jetbrains.jps.maven.model.impl.JpsMavenExtensionServiceImpl$$Lambda$19/145113347
1495:             1             16  org.jetbrains.jps.maven.model.impl.JpsMavenExtensionServiceImpl$1
1496:             1             16  org.jetbrains.jps.maven.model.impl.JpsMavenModelSerializationExtension
1497:             1             16  org.jetbrains.jps.maven.model.impl.MavenAnnotationProcessorTargetType$$Lambda$50/367746789
1498:             1             16  org.jetbrains.jps.model.artifact.impl.JpsArtifactRole
1499:             1             16  org.jetbrains.jps.model.artifact.impl.JpsArtifactServiceImpl
1500:             1             16  org.jetbrains.jps.model.fileTypes.impl.FileNameMatcherFactoryImpl
1501:             1             16  org.jetbrains.jps.model.impl.JpsElementFactoryImpl
1502:             1             16  org.jetbrains.jps.model.impl.JpsEncodingConfigurationServiceImpl
1503:             1             16  org.jetbrains.jps.model.impl.JpsExElementFactoryImpl
1504:             1             16  org.jetbrains.jps.model.jarRepository.impl.JpsRemoteRepositoryServiceImpl
1505:             1             16  org.jetbrains.jps.model.java.JpsAnnotationRootType
1506:             1             16  org.jetbrains.jps.model.java.JpsJavaLibraryType
1507:             1             16  org.jetbrains.jps.model.java.JpsJavaModuleType
1508:             1             16  org.jetbrains.jps.model.java.JpsNativeLibraryRootType
1509:             1             16  org.jetbrains.jps.model.java.impl.JavaModuleExtensionRole
1510:             1             16  org.jetbrains.jps.model.java.impl.JavaProjectExtensionRole
1511:             1             16  org.jetbrains.jps.model.java.impl.JpsJavaDependencyExtensionRole
1512:             1             16  org.jetbrains.jps.model.java.impl.JpsJavaExtensionServiceImpl
1513:             1             16  org.jetbrains.jps.model.java.impl.compiler.JpsJavaCompilerConfigurationImpl$$Lambda$13/963522361
1514:             1             16  org.jetbrains.jps.model.library.JpsOrderRootType$1
1515:             1             16  org.jetbrains.jps.model.library.JpsOrderRootType$2
1516:             1             16  org.jetbrains.jps.model.library.JpsOrderRootType$3
1517:             1             16  org.jetbrains.jps.model.library.impl.JpsLibraryRole
1518:             1             16  org.jetbrains.jps.model.module.impl.JpsModuleRole
1519:             1             16  org.jetbrains.jps.model.module.impl.JpsModuleSourceRootRole
1520:             1             16  org.jetbrains.jps.model.module.impl.JpsSdkReferencesTableImpl$JpsSdkReferencesTableRole
1521:             1             16  org.jetbrains.jps.model.serialization.JpsEncodingModelSerializerExtension
1522:             1             16  org.jetbrains.jps.model.serialization.JpsProjectLoader$$Lambda$21/2040352617
1523:             1             16  org.jetbrains.jps.model.serialization.impl.JpsSerializationManagerImpl
1524:             1             16  org.jetbrains.jps.model.serialization.jarRepository.JpsRemoteRepositoriesModelSerializerExtension
1525:             1             16  org.jetbrains.jps.model.serialization.java.JpsJavaModelSerializerExtension
1526:             1             16  org.jetbrains.jps.model.serialization.java.compiler.AnnotationProcessorProfileSerializer$$Lambda$14/1075738627
1527:             1             16  org.jetbrains.jps.service.impl.JpsServiceManagerImpl$SingleClassLoaderPluginManager
1528:             1             16  org.jetbrains.jps.service.impl.SharedThreadPoolImpl
1529:             1             16  org.jetbrains.jps.uiDesigner.compiler.FormsBuilderService
1530:             1             16  org.jetbrains.jps.uiDesigner.model.impl.JpsUiDesignerConfigurationImpl$UiDesignerConfigurationState
1531:             1             16  org.jetbrains.jps.uiDesigner.model.impl.JpsUiDesignerExtensionServiceImpl
1532:             1             16  org.jetbrains.jps.uiDesigner.model.impl.JpsUiDesignerSerializerExtension
1533:             1             16  org.jetbrains.jps.webSphere.LooseAppBuilder
1534:             1             16  org.jetbrains.jps.webSphere.LooseBuilderService
1535:             1             16  org.jetbrains.kotlin.config.KotlinCommonJpsModelSerializerExtension
1536:             1             16  org.jetbrains.kotlin.config.ResourceKotlinRootType
1537:             1             16  org.jetbrains.kotlin.config.SourceKotlinRootType
1538:             1             16  org.jetbrains.kotlin.config.TestResourceKotlinRootType
1539:             1             16  org.jetbrains.kotlin.config.TestSourceKotlinRootType
1540:             1             16  org.jetbrains.kotlin.jps.build.KotlinBuilder$Companion
1541:             1             16  org.jetbrains.kotlin.jps.build.KotlinBuilderService
1542:             1             16  org.jetbrains.kotlin.jps.build.KotlinJavaBuilderExtension
1543:             1             16  org.jetbrains.kotlin.jps.build.KotlinResourcesRootProvider
1544:             1             16  org.jetbrains.kotlin.jps.build.KotlinSourceRootProvider
1545:             1             16  org.jetbrains.kotlin.jps.model.JpsKotlinFacetModuleExtension$Companion
1546:             1             16  org.jetbrains.kotlin.jps.model.KotlinModelSerializerService
1547:             1             16  org.jetbrains.osgi.jps.build.OsmorcBuilder
1548:             1             16  org.jetbrains.osgi.jps.build.OsmorcBuilderService
1549:             1             16  org.jetbrains.osgi.jps.model.impl.JpsOsmorcModelSerializerExtension
1550:             1             16  org.jetbrains.plugins.javaFX.JpsJavaFxModelSerializerExtension
1551:             1             16  org.jetbrains.plugins.javaFX.preloader.JpsJavaFxPreloaderModelSerializerExtension
1552:             1             16  org.slf4j.helpers.NOPLoggerFactory
1553:             1             16  sun.misc.ASCIICaseInsensitiveComparator
1554:             1             16  sun.misc.FloatingDecimal$1
1555:             1             16  sun.misc.Launcher
1556:             1             16  sun.misc.Launcher$Factory
1557:             1             16  sun.misc.Perf
1558:             1             16  sun.misc.Unsafe
1559:             1             16  sun.net.ExtendedOptionsImpl$$Lambda$7/716143810
1560:             1             16  sun.net.www.protocol.file.Handler
1561:             1             16  sun.net.www.protocol.jar.JarFileFactory
1562:             1             16  sun.nio.ch.ExtendedSocketOption$1
1563:             1             16  sun.nio.ch.Net$1
1564:             1             16  sun.nio.ch.Util$1
1565:             1             16  sun.nio.ch.WindowsSelectorProvider
1566:             1             16  sun.nio.fs.WindowsChannelFactory$1
1567:             1             16  sun.nio.fs.WindowsFileSystemProvider
1568:             1             16  sun.reflect.ClassDefiner$1
1569:             1             16  sun.reflect.GeneratedConstructorAccessor1
1570:             1             16  sun.reflect.GeneratedConstructorAccessor2
1571:             1             16  sun.reflect.Label
1572:             1             16  sun.reflect.ReflectionFactory
1573:             1             16  sun.reflect.generics.tree.BottomSignature
1574:             1             16  sun.security.provider.NativeSeedGenerator
1575:             1             16  sun.security.util.AlgorithmDecomposer
1576:             1             16  sun.security.util.DisabledAlgorithmConstraints$Constraints
1577:             1             16  sun.util.calendar.Gregorian
1578:             1             16  sun.util.locale.provider.AuxLocaleProviderAdapter$NullProvider
1579:             1             16  sun.util.locale.provider.CalendarDataUtility$CalendarWeekParameterGetter
1580:             1             16  sun.util.locale.provider.SPILocaleProviderAdapter
1581:             1             16  sun.util.logging.LoggingSupport$1
1582:             1             16  sun.util.logging.PlatformLogger$1
1583:             1             16  sun.util.resources.LocaleData
1584:             1             16  sun.util.resources.LocaleData$LocaleDataResourceBundleControl
Total        208081       25127120
